Component: ARM Compiler 5.06 update 7 (build 960) Tool: armlink [4d3601]

==============================================================================

Section Cross References

    startup_stm32f401xc.o(STACK) refers (Special) to heapauxi.o(.text) for __use_two_region_memory
    startup_stm32f401xc.o(HEAP) refers (Special) to heapauxi.o(.text) for __use_two_region_memory
    startup_stm32f401xc.o(RESET) refers (Special) to heapauxi.o(.text) for __use_two_region_memory
    startup_stm32f401xc.o(RESET) refers to startup_stm32f401xc.o(STACK) for __initial_sp
    startup_stm32f401xc.o(RESET) refers to startup_stm32f401xc.o(.text) for Reset_Handler
    startup_stm32f401xc.o(RESET) refers to stm32f4xx_it.o(i.NMI_Handler) for NMI_Handler
    startup_stm32f401xc.o(RESET) refers to stm32f4xx_it.o(i.HardFault_Handler) for HardFault_Handler
    startup_stm32f401xc.o(RESET) refers to stm32f4xx_it.o(i.MemManage_Handler) for MemManage_Handler
    startup_stm32f401xc.o(RESET) refers to stm32f4xx_it.o(i.BusFault_Handler) for BusFault_Handler
    startup_stm32f401xc.o(RESET) refers to stm32f4xx_it.o(i.UsageFault_Handler) for UsageFault_Handler
    startup_stm32f401xc.o(RESET) refers to stm32f4xx_it.o(i.SVC_Handler) for SVC_Handler
    startup_stm32f401xc.o(RESET) refers to stm32f4xx_it.o(i.DebugMon_Handler) for DebugMon_Handler
    startup_stm32f401xc.o(RESET) refers to stm32f4xx_it.o(i.PendSV_Handler) for PendSV_Handler
    startup_stm32f401xc.o(RESET) refers to stm32f4xx_it.o(i.SysTick_Handler) for SysTick_Handler
    startup_stm32f401xc.o(RESET) refers to stm32f4xx_it.o(i.USART1_IRQHandler) for USART1_IRQHandler
    startup_stm32f401xc.o(RESET) refers to stm32f4xx_it.o(i.DMA2_Stream0_IRQHandler) for DMA2_Stream0_IRQHandler
    startup_stm32f401xc.o(RESET) refers to stm32f4xx_it.o(i.OTG_FS_IRQHandler) for OTG_FS_IRQHandler
    startup_stm32f401xc.o(.text) refers (Special) to heapauxi.o(.text) for __use_two_region_memory
    startup_stm32f401xc.o(.text) refers to system_stm32f4xx_1.o(i.SystemInit) for SystemInit
    startup_stm32f401xc.o(.text) refers to __main.o(!!!main) for __main
    startup_stm32f401xc.o(.text) refers to startup_stm32f401xc.o(HEAP) for Heap_Mem
    startup_stm32f401xc.o(.text) refers to startup_stm32f401xc.o(STACK) for Stack_Mem
    main.o(i.DriveMotors2) refers to dflt_clz.o(x$fpl$dfltu) for __aeabi_ui2d
    main.o(i.DriveMotors2) refers to dmul.o(x$fpl$dmul) for __aeabi_dmul
    main.o(i.DriveMotors2) refers to round.o(i.__hardfp_round) for __hardfp_round
    main.o(i.DriveMotors2) refers to dfix.o(x$fpl$dfix) for __aeabi_d2iz
    main.o(i.DriveMotors2) refers to tim.o(.bss) for htim2
    main.o(i.ESCCurrent_Request) refers to stm32f4xx_hal_adc.o(i.HAL_ADC_Start_DMA) for HAL_ADC_Start_DMA
    main.o(i.ESCCurrent_Request) refers to pb_encode.o(i.pb_ostream_from_buffer) for pb_ostream_from_buffer
    main.o(i.ESCCurrent_Request) refers to pb_encode.o(i.pb_encode) for pb_encode
    main.o(i.ESCCurrent_Request) refers to stm32f4xx_hal_uart.o(i.HAL_UART_Transmit) for HAL_UART_Transmit
    main.o(i.ESCCurrent_Request) refers to main.o(.bss) for .bss
    main.o(i.ESCCurrent_Request) refers to adc.o(.bss) for hadc1
    main.o(i.ESCCurrent_Request) refers to main.o(.data) for .data
    main.o(i.ESCCurrent_Request) refers to usart.o(.bss) for huart1
    main.o(i.HAL_UART_RxCpltCallback) refers to pb_decode.o(i.pb_istream_from_buffer) for pb_istream_from_buffer
    main.o(i.HAL_UART_RxCpltCallback) refers to pb_decode.o(i.pb_decode) for pb_decode
    main.o(i.HAL_UART_RxCpltCallback) refers to stm32f4xx_hal_uart.o(i.HAL_UART_Receive_IT) for HAL_UART_Receive_IT
    main.o(i.HAL_UART_RxCpltCallback) refers to usart.o(.bss) for huart1
    main.o(i.HAL_UART_RxCpltCallback) refers to main.o(.bss) for .bss
    main.o(i.HAL_UART_RxCpltCallback) refers to warp_protocol.pb.o(.constdata) for WarpCommand_msg
    main.o(i.HAL_UART_RxCpltCallback) refers to main.o(.data) for .data
    main.o(i.SystemClock_Config) refers to rt_memclr_w.o(.text) for __aeabi_memclr4
    main.o(i.SystemClock_Config) refers to stm32f4xx_hal_rcc.o(i.HAL_RCC_OscConfig) for HAL_RCC_OscConfig
    main.o(i.SystemClock_Config) refers to stm32f4xx_hal_rcc.o(i.HAL_RCC_ClockConfig) for HAL_RCC_ClockConfig
    main.o(i.main) refers to stm32f4xx_hal.o(i.HAL_Init) for HAL_Init
    main.o(i.main) refers to main.o(i.SystemClock_Config) for SystemClock_Config
    main.o(i.main) refers to gpio.o(i.MX_GPIO_Init) for MX_GPIO_Init
    main.o(i.main) refers to dma.o(i.MX_DMA_Init) for MX_DMA_Init
    main.o(i.main) refers to adc.o(i.MX_ADC1_Init) for MX_ADC1_Init
    main.o(i.main) refers to usart.o(i.MX_USART1_UART_Init) for MX_USART1_UART_Init
    main.o(i.main) refers to crc.o(i.MX_CRC_Init) for MX_CRC_Init
    main.o(i.main) refers to tim.o(i.MX_TIM1_Init) for MX_TIM1_Init
    main.o(i.main) refers to tim.o(i.MX_TIM2_Init) for MX_TIM2_Init
    main.o(i.main) refers to tim.o(i.MX_TIM3_Init) for MX_TIM3_Init
[...]
    __Vectors_Size                           0x00000194   Number         0  startup_stm32f401xc.o ABSOLUTE
    __Vectors                                0x08000000   Data           4  startup_stm32f401xc.o(RESET)
    __Vectors_End                            0x08000194   Data           0  startup_stm32f401xc.o(RESET)
    __main                                   0x08000195   Thumb Code     8  __main.o(!!!main)
    __scatterload                            0x0800019d   Thumb Code     0  __scatter.o(!!!scatter)
    __scatterload_rt2                        0x0800019d   Thumb Code    44  __scatter.o(!!!scatter)
    __scatterload_rt2_thumb_only             0x0800019d   Thumb Code     0  __scatter.o(!!!scatter)
    __scatterload_null                       0x080001ab   Thumb Code     0  __scatter.o(!!!scatter)
    __decompress                             0x080001d1   Thumb Code    90  __dczerorl2.o(!!dczerorl2)
    __decompress1                            0x080001d1   Thumb Code     0  __dczerorl2.o(!!dczerorl2)
    __scatterload_zeroinit                   0x0800022d   Thumb Code    28  __scatter_zi.o(!!handler_zi)
    __rt_lib_init                            0x08000249   Thumb Code     0  libinit.o(.ARM.Collect$$libinit$$00000000)
    __rt_lib_init_fp_1                       0x0800024b   Thumb Code     0  libinit2.o(.ARM.Collect$$libinit$$00000001)
    __rt_lib_init_alloca_1                   0x0800024f   Thumb Code     0  libinit2.o(.ARM.Collect$$libinit$$0000002E)
    __rt_lib_init_argv_1                     0x0800024f   Thumb Code     0  libinit2.o(.ARM.Collect$$libinit$$0000002C)
    __rt_lib_init_atexit_1                   0x0800024f   Thumb Code     0  libinit2.o(.ARM.Collect$$libinit$$0000001B)
    __rt_lib_init_clock_1                    0x0800024f   Thumb Code     0  libinit2.o(.ARM.Collect$$libinit$$00000021)
    __rt_lib_init_cpp_1                      0x0800024f   Thumb Code     0  libinit2.o(.ARM.Collect$$libinit$$00000032)
    __rt_lib_init_exceptions_1               0x0800024f   Thumb Code     0  libinit2.o(.ARM.Collect$$libinit$$00000030)
    __rt_lib_init_fp_trap_1                  0x0800024f   Thumb Code     0  libinit2.o(.ARM.Collect$$libinit$$0000001F)
    __rt_lib_init_getenv_1                   0x0800024f   Thumb Code     0  libinit2.o(.ARM.Collect$$libinit$$00000023)
    __rt_lib_init_heap_1                     0x0800024f   Thumb Code     0  libinit2.o(.ARM.Collect$$libinit$$0000000A)
    __rt_lib_init_lc_collate_1               0x0800024f   Thumb Code     0  libinit2.o(.ARM.Collect$$libinit$$00000011)
    __rt_lib_init_lc_ctype_1                 0x0800024f   Thumb Code     0  libinit2.o(.ARM.Collect$$libinit$$00000013)
    __rt_lib_init_lc_monetary_1              0x0800024f   Thumb Code     0  libinit2.o(.ARM.Collect$$libinit$$00000015)
    __rt_lib_init_lc_numeric_1               0x0800024f   Thumb Code     0  libinit2.o(.ARM.Collect$$libinit$$00000017)
    __rt_lib_init_lc_time_1                  0x0800024f   Thumb Code     0  libinit2.o(.ARM.Collect$$libinit$$00000019)
    __rt_lib_init_preinit_1                  0x0800024f   Thumb Code     0  libinit2.o(.ARM.Collect$$libinit$$00000004)
    __rt_lib_init_rand_1                     0x0800024f   Thumb Code     0  libinit2.o(.ARM.Collect$$libinit$$0000000E)
    __rt_lib_init_return                     0x0800024f   Thumb Code     0  libinit2.o(.ARM.Collect$$libinit$$00000033)
    __rt_lib_init_signal_1                   0x0800024f   Thumb Code     0  libinit2.o(.ARM.Collect$$libinit$$0000001D)
    __rt_lib_init_stdio_1                    0x0800024f   Thumb Code     0  libinit2.o(.ARM.Collect$$libinit$$00000025)
    __rt_lib_init_user_alloc_1               0x0800024f   Thumb Code     0  libinit2.o(.ARM.Collect$$libinit$$0000000C)
    __rt_lib_shutdown                        0x08000251   Thumb Code     0  libshutdown.o(.ARM.Collect$$libshutdown$$00000000)
    __rt_lib_shutdown_cpp_1                  0x08000253   Thumb Code     0  libshutdown2.o(.ARM.Collect$$libshutdown$$00000004)
    __rt_lib_shutdown_fini_1                 0x08000253   Thumb Code     0  libshutdown2.o(.ARM.Collect$$libshutdown$$00000002)
    __rt_lib_shutdown_fp_trap_1              0x08000253   Thumb Code     0  libshutdown2.o(.ARM.Collect$$libshutdown$$00000009)
    __rt_lib_shutdown_heap_1                 0x08000253   Thumb Code     0  libshutdown2.o(.ARM.Collect$$libshutdown$$00000011)
    __rt_lib_shutdown_return                 0x08000253   Thumb Code     0  libshutdown2.o(.ARM.Collect$$libshutdown$$00000012)
    __rt_lib_shutdown_signal_1               0x08000253   Thumb Code     0  libshutdown2.o(.ARM.Collect$$libshutdown$$0000000C)
    __rt_lib_shutdown_stdio_1                0x08000253   Thumb Code     0  libshutdown2.o(.ARM.Collect$$libshutdown$$00000006)
    __rt_lib_shutdown_user_alloc_1           0x08000253   Thumb Code     0  libshutdown2.o(.ARM.Collect$$libshutdown$$0000000E)
    __rt_entry                               0x08000255   Thumb Code     0  __rtentry.o(.ARM.Collect$$rtentry$$00000000)
    __rt_entry_presh_1                       0x08000255   Thumb Code     0  __rtentry2.o(.ARM.Collect$$rtentry$$00000002)
    __rt_entry_sh                            0x08000255   Thumb Code     0  __rtentry4.o(.ARM.Collect$$rtentry$$00000004)
    __rt_entry_li                            0x0800025b   Thumb Code     0  __rtentry2.o(.ARM.Collect$$rtentry$$0000000A)
    __rt_entry_postsh_1                      0x0800025b   Thumb Code     0  __rtentry2.o(.ARM.Collect$$rtentry$$00000009)
    __rt_entry_main                          0x0800025f   Thumb Code     0  __rtentry2.o(.ARM.Collect$$rtentry$$0000000D)
    __rt_entry_postli_1                      0x0800025f   Thumb Code     0  __rtentry2.o(.ARM.Collect$$rtentry$$0000000C)
    __rt_exit                                0x08000267   Thumb Code     0  rtexit.o(.ARM.Collect$$rtexit$$00000000)
    __rt_exit_ls                             0x08000269   Thumb Code     0  rtexit2.o(.ARM.Collect$$rtexit$$00000003)
    __rt_exit_prels_1                        0x08000269   Thumb Code     0  rtexit2.o(.ARM.Collect$$rtexit$$00000002)
    __rt_exit_exit                           0x0800026d   Thumb Code     0  rtexit2.o(.ARM.Collect$$rtexit$$00000004)
    Reset_Handler                            0x08000275   Thumb Code     8  startup_stm32f401xc.o(.text)
    ADC_IRQHandler                           0x0800028f   Thumb Code     0  startup_stm32f401xc.o(.text)
    DMA1_Stream0_IRQHandler                  0x0800028f   Thumb Code     0  startup_stm32f401xc.o(.text)
    DMA1_Stream1_IRQHandler                  0x0800028f   Thumb Code     0  startup_stm32f401xc.o(.text)
    DMA1_Stream2_IRQHandler                  0x0800028f   Thumb Code     0  startup_stm32f401xc.o(.text)
    DMA1_Stream3_IRQHandler                  0x0800028f   Thumb Code     0  startup_stm32f401xc.o(.text)
    DMA1_Stream4_IRQHandler                  0x0800028f   Thumb Code     0  startup_stm32f401xc.o(.text)
    DMA1_Stream5_IRQHandler                  0x0800028f   Thumb Code     0  startup_stm32f401xc.o(.text)
    DMA1_Stream6_IRQHandler                  0x0800028f   Thumb Code     0  startup_stm32f401xc.o(.text)
    DMA1_Stream7_IRQHandler                  0x0800028f   Thumb Code     0  startup_stm32f401xc.o(.text)
    DMA2_Stream1_IRQHandler                  0x0800028f   Thumb Code     0  startup_stm32f401xc.o(.text)
    DMA2_Stream2_IRQHandler                  0x0800028f   Thumb Code     0  startup_stm32f401xc.o(.text)
    DMA2_Stream3_IRQHandler                  0x0800028f   Thumb Code     0  startup_stm32f401xc.o(.text)
    DMA2_Stream4_IRQHandler                  0x0800028f   Thumb Code     0  startup_stm32f401xc.o(.text)
    DMA2_Stream5_IRQHandler                  0x0800028f   Thumb Code     0  startup_stm32f401xc.o(.text)
    DMA2_Stream6_IRQHandler                  0x0800028f   Thumb Code     0  startup_stm32f401xc.o(.text)
    DMA2_Stream7_IRQHandler                  0x0800028f   Thumb Code     0  startup_stm32f401xc.o(.text)
    EXTI0_IRQHandler                         0x0800028f   Thumb Code     0  startup_stm32f401xc.o(.text)
    EXTI15_10_IRQHandler                     0x0800028f   Thumb Code     0  startup_stm32f401xc.o(.text)
    EXTI1_IRQHandler                         0x0800028f   Thumb Code     0  startup_stm32f401xc.o(.text)
    EXTI2_IRQHandler                         0x0800028f   Thumb Code     0  startup_stm32f401xc.o(.text)
    EXTI3_IRQHandler                         0x0800028f   Thumb Code     0  startup_stm32f401xc.o(.text)
    EXTI4_IRQHandler                         0x0800028f   Thumb Code     0  startup_stm32f401xc.o(.text)
    EXTI9_5_IRQHandler                       0x0800028f   Thumb Code     0  startup_stm32f401xc.o(.text)
    FLASH_IRQHandler                         0x0800028f   Thumb Code     0  startup_stm32f401xc.o(.text)
    FPU_IRQHandler                           0x0800028f   Thumb Code     0  startup_stm32f401xc.o(.text)
    I2C1_ER_IRQHandler                       0x0800028f   Thumb Code     0  startup_stm32f401xc.o(.text)
    I2C1_EV_IRQHandler                       0x0800028f   Thumb Code     0  startup_stm32f401xc.o(.text)
    I2C2_ER_IRQHandler                       0x0800028f   Thumb Code     0  startup_stm32f401xc.o(.text)
    I2C2_EV_IRQHandler                       0x0800028f   Thumb Code     0  startup_stm32f401xc.o(.text)
    I2C3_ER_IRQHandler                       0x0800028f   Thumb Code     0  startup_stm32f401xc.o(.text)
    I2C3_EV_IRQHandler                       0x0800028f   Thumb Code     0  startup_stm32f401xc.o(.text)
    OTG_FS_WKUP_IRQHandler                   0x0800028f   Thumb Code     0  startup_stm32f401xc.o(.text)
    PVD_IRQHandler                           0x0800028f   Thumb Code     0  startup_stm32f401xc.o(.text)
    RCC_IRQHandler                           0x0800028f   Thumb Code     0  startup_stm32f401xc.o(.text)
    RTC_Alarm_IRQHandler                     0x0800028f   Thumb Code     0  startup_stm32f401xc.o(.text)
    RTC_WKUP_IRQHandler                      0x0800028f   Thumb Code     0  startup_stm32f401xc.o(.text)
    SDIO_IRQHandler                          0x0800028f   Thumb Code     0  startup_stm32f401xc.o(.text)
    SPI1_IRQHandler                          0x0800028f   Thumb Code     0  startup_stm32f401xc.o(.text)
    SPI2_IRQHandler                          0x0800028f   Thumb Code     0  startup_stm32f401xc.o(.text)
    SPI3_IRQHandler                          0x0800028f   Thumb Code     0  startup_stm32f401xc.o(.text)
    SPI4_IRQHandler                          0x0800028f   Thumb Code     0  startup_stm32f401xc.o(.text)
    TAMP_STAMP_IRQHandler                    0x0800028f   Thumb Code     0  startup_stm32f401xc.o(.text)
    TIM1_BRK_TIM9_IRQHandler                 0x0800028f   Thumb Code     0  startup_stm32f401xc.o(.text)
    TIM1_CC_IRQHandler                       0x0800028f   Thumb Code     0  startup_stm32f401xc.o(.text)
    TIM1_TRG_COM_TIM11_IRQHandler            0x0800028f   Thumb Code     0  startup_stm32f401xc.o(.text)
    TIM1_UP_TIM10_IRQHandler                 0x0800028f   Thumb Code     0  startup_stm32f401xc.o(.text)
    TIM2_IRQHandler                          0x0800028f   Thumb Code     0  startup_stm32f401xc.o(.text)
    TIM3_IRQHandler                          0x0800028f   Thumb Code     0  startup_stm32f401xc.o(.text)
    TIM4_IRQHandler                          0x0800028f   Thumb Code     0  startup_stm32f401xc.o(.text)
    TIM5_IRQHandler                          0x0800028f   Thumb Code     0  startup_stm32f401xc.o(.text)
    USART2_IRQHandler                        0x0800028f   Thumb Code     0  startup_stm32f401xc.o(.text)
    USART6_IRQHandler                        0x0800028f   Thumb Code     0  startup_stm32f401xc.o(.text)
    WWDG_IRQHandler                          0x0800028f   Thumb Code     0  startup_stm32f401xc.o(.text)
    __user_initial_stackheap                 0x08000291   Thumb Code     0  startup_stm32f401xc.o(.text)
    __aeabi_uldivmod                         0x080002b5   Thumb Code     0  lludivv7m.o(.text)
    _ll_udiv                                 0x080002b5   Thumb Code   238  lludivv7m.o(.text)
    __aeabi_llsl                             0x080003a3   Thumb Code     0  llshl.o(.text)
    _ll_shift_l                              0x080003a3   Thumb Code    38  llshl.o(.text)
    __aeabi_memcpy                           0x080003c9   Thumb Code     0  rt_memcpy_v6.o(.text)
    __rt_memcpy                              0x080003c9   Thumb Code   138  rt_memcpy_v6.o(.text)
    _memcpy_lastbytes                        0x0800042f   Thumb Code     0  rt_memcpy_v6.o(.text)
    __aeabi_memcpy4                          0x08000453   Thumb Code     0  rt_memcpy_w.o(.text)
    __aeabi_memcpy8                          0x08000453   Thumb Code     0  rt_memcpy_w.o(.text)
    __rt_memcpy_w                            0x08000453   Thumb Code   100  rt_memcpy_w.o(.text)
    _memcpy_lastbytes_aligned                0x0800049b   Thumb Code     0  rt_memcpy_w.o(.text)
    __aeabi_memclr                           0x080004b7   Thumb Code     0  rt_memclr.o(.text)
    __rt_memclr                              0x080004b7   Thumb Code    68  rt_memclr.o(.text)
    _memset                                  0x080004bb   Thumb Code     0  rt_memclr.o(.text)
    __aeabi_memclr4                          0x080004fb   Thumb Code     0  rt_memclr_w.o(.text)
    __aeabi_memclr8                          0x080004fb   Thumb Code     0  rt_memclr_w.o(.text)
    __rt_memclr_w                            0x080004fb   Thumb Code    78  rt_memclr_w.o(.text)
    _memset_w                                0x080004ff   Thumb Code     0  rt_memclr_w.o(.text)
    __use_two_region_memory                  0x08000549   Thumb Code     2  heapauxi.o(.text)
    __rt_heap_escrow$2region                 0x0800054b   Thumb Code     2  heapauxi.o(.text)
    __rt_heap_expand$2region                 0x0800054d   Thumb Code     2  heapauxi.o(.text)
    __user_setup_stackheap                   0x0800054f   Thumb Code    74  sys_stackheap_outer.o(.text)
    exit                                     0x08000599   Thumb Code    18  exit.o(.text)
    __user_libspace                          0x080005ad   Thumb Code     8  libspace.o(.text)
    __user_perproc_libspace                  0x080005ad   Thumb Code     0  libspace.o(.text)
    __user_perthread_libspace                0x080005ad   Thumb Code     0  libspace.o(.text)
    _sys_exit                                0x080005b5   Thumb Code     8  sys_exit.o(.text)
    __I$use$semihosting                      0x080005c1   Thumb Code     0  use_no_semi.o(.text)
    __use_no_semihosting_swi                 0x080005c1   Thumb Code     2  use_no_semi.o(.text)
    __semihosting_library_function           0x080005c3   Thumb Code     0  indicate_semi.o(.text)
    BusFault_Handler                         0x080006ed   Thumb Code     2  stm32f4xx_it.o(i.BusFault_Handler)
    CDC_FS_Receive_CpltCallback              0x080006f7   Thumb Code     2  main.o(i.CDC_FS_Receive_CpltCallback)
    DMA2_Stream0_IRQHandler                  0x08000745   Thumb Code     6  stm32f4xx_it.o(i.DMA2_Stream0_IRQHandler)
    DebugMon_Handler                         0x080007cd   Thumb Code     2  stm32f4xx_it.o(i.DebugMon_Handler)
    DriveMotors2                             0x080007d1   Thumb Code   334  main.o(i.DriveMotors2)
    Error_Handler                            0x08000935   Thumb Code     4  main.o(i.Error_Handler)
    HAL_ADC_ConfigChannel                    0x08000939   Thumb Code   316  stm32f4xx_hal_adc.o(i.HAL_ADC_ConfigChannel)
    HAL_ADC_Init                             0x08000a85   Thumb Code    84  stm32f4xx_hal_adc.o(i.HAL_ADC_Init)
    HAL_ADC_MspInit                          0x08000ad9   Thumb Code   162  adc.o(i.HAL_ADC_MspInit)
    HAL_CRC_Init                             0x08000b95   Thumb Code    34  stm32f4xx_hal_crc.o(i.HAL_CRC_Init)
    HAL_CRC_MspInit                          0x08000bb9   Thumb Code    30  crc.o(i.HAL_CRC_MspInit)
    HAL_DMA_Abort                            0x08000be1   Thumb Code   146  stm32f4xx_hal_dma.o(i.HAL_DMA_Abort)
    HAL_DMA_Abort_IT                         0x08000c73   Thumb Code    36  stm32f4xx_hal_dma.o(i.HAL_DMA_Abort_IT)
    HAL_DMA_IRQHandler                       0x08000c99   Thumb Code   412  stm32f4xx_hal_dma.o(i.HAL_DMA_IRQHandler)
    HAL_DMA_Init                             0x08000e39   Thumb Code   206  stm32f4xx_hal_dma.o(i.HAL_DMA_Init)
    HAL_Delay                                0x08000f0d   Thumb Code    32  stm32f4xx_hal.o(i.HAL_Delay)
    HAL_GPIO_Init                            0x08000f31   Thumb Code   446  stm32f4xx_hal_gpio.o(i.HAL_GPIO_Init)
    HAL_GPIO_WritePin                        0x08001111   Thumb Code    10  stm32f4xx_hal_gpio.o(i.HAL_GPIO_WritePin)
    HAL_GetTick                              0x0800111d   Thumb Code     6  stm32f4xx_hal.o(i.HAL_GetTick)
    HAL_IncTick                              0x08001129   Thumb Code    12  stm32f4xx_hal.o(i.HAL_IncTick)
    HAL_Init                                 0x08001139   Thumb Code    48  stm32f4xx_hal.o(i.HAL_Init)
    HAL_InitTick                             0x0800116d   Thumb Code    54  stm32f4xx_hal.o(i.HAL_InitTick)
    HAL_MspInit                              0x080011ad   Thumb Code    42  stm32f4xx_hal_msp.o(i.HAL_MspInit)
    HAL_NVIC_EnableIRQ                       0x080011dd   Thumb Code    26  stm32f4xx_hal_cortex.o(i.HAL_NVIC_EnableIRQ)
    HAL_NVIC_SetPriority                     0x080011f9   Thumb Code    60  stm32f4xx_hal_cortex.o(i.HAL_NVIC_SetPriority)
    HAL_NVIC_SetPriorityGrouping             0x08001239   Thumb Code    26  stm32f4xx_hal_cortex.o(i.HAL_NVIC_SetPriorityGrouping)
    HAL_PCDEx_LPM_Callback                   0x0800125d   Thumb Code     2  stm32f4xx_hal_pcd_ex.o(i.HAL_PCDEx_LPM_Callback)
    HAL_PCDEx_SetRxFiFo                      0x0800125f   Thumb Code     8  stm32f4xx_hal_pcd_ex.o(i.HAL_PCDEx_SetRxFiFo)
    HAL_PCDEx_SetTxFiFo                      0x08001267   Thumb Code    68  stm32f4xx_hal_pcd_ex.o(i.HAL_PCDEx_SetTxFiFo)
    HAL_PCD_ConnectCallback                  0x080012ab   Thumb Code     8  usbd_conf.o(i.HAL_PCD_ConnectCallback)
    HAL_PCD_DataInStageCallback              0x080012b3   Thumb Code    18  usbd_conf.o(i.HAL_PCD_DataInStageCallback)
    HAL_PCD_DataOutStageCallback             0x080012c5   Thumb Code    20  usbd_conf.o(i.HAL_PCD_DataOutStageCallback)
    HAL_PCD_DisconnectCallback               0x080012d9   Thumb Code     8  usbd_conf.o(i.HAL_PCD_DisconnectCallback)
    HAL_PCD_EP_Close                         0x080012e1   Thumb Code    76  stm32f4xx_hal_pcd.o(i.HAL_PCD_EP_Close)
    HAL_PCD_EP_ClrStall                      0x0800132d   Thumb Code    92  stm32f4xx_hal_pcd.o(i.HAL_PCD_EP_ClrStall)
    HAL_PCD_EP_GetRxCount                    0x08001389   Thumb Code    18  stm32f4xx_hal_pcd.o(i.HAL_PCD_EP_GetRxCount)
    HAL_PCD_EP_Open                          0x0800139b   Thumb Code    96  stm32f4xx_hal_pcd.o(i.HAL_PCD_EP_Open)
    HAL_PCD_EP_Receive                       0x080013fb   Thumb Code    72  stm32f4xx_hal_pcd.o(i.HAL_PCD_EP_Receive)
    HAL_PCD_EP_SetStall                      0x08001443   Thumb Code   116  stm32f4xx_hal_pcd.o(i.HAL_PCD_EP_SetStall)
    HAL_PCD_EP_Transmit                      0x080014b7   Thumb Code    64  stm32f4xx_hal_pcd.o(i.HAL_PCD_EP_Transmit)
    HAL_PCD_IRQHandler                       0x080014f9   Thumb Code  1070  stm32f4xx_hal_pcd.o(i.HAL_PCD_IRQHandler)
    HAL_PCD_ISOINIncompleteCallback          0x0800192d   Thumb Code     8  usbd_conf.o(i.HAL_PCD_ISOINIncompleteCallback)
    HAL_PCD_ISOOUTIncompleteCallback         0x08001935   Thumb Code     8  usbd_conf.o(i.HAL_PCD_ISOOUTIncompleteCallback)
    HAL_PCD_Init                             0x0800193d   Thumb Code   226  stm32f4xx_hal_pcd.o(i.HAL_PCD_Init)
    HAL_PCD_MspInit                          0x08001a21   Thumb Code   122  usbd_conf.o(i.HAL_PCD_MspInit)
    HAL_PCD_ResetCallback                    0x08001aa5   Thumb Code    38  usbd_conf.o(i.HAL_PCD_ResetCallback)
    HAL_PCD_ResumeCallback                   0x08001acb   Thumb Code     8  usbd_conf.o(i.HAL_PCD_ResumeCallback)
    HAL_PCD_SOFCallback                      0x08001ad3   Thumb Code     8  usbd_conf.o(i.HAL_PCD_SOFCallback)
    HAL_PCD_SetAddress                       0x08001adb   Thumb Code    40  stm32f4xx_hal_pcd.o(i.HAL_PCD_SetAddress)
    HAL_PCD_SetupStageCallback               0x08001b03   Thumb Code    14  usbd_conf.o(i.HAL_PCD_SetupStageCallback)
    HAL_PCD_Start                            0x08001b11   Thumb Code    66  stm32f4xx_hal_pcd.o(i.HAL_PCD_Start)
    HAL_PCD_SuspendCallback                  0x08001b55   Thumb Code    44  usbd_conf.o(i.HAL_PCD_SuspendCallback)
    HAL_RCC_ClockConfig                      0x08001b85   Thumb Code   288  stm32f4xx_hal_rcc.o(i.HAL_RCC_ClockConfig)
    HAL_RCC_GetHCLKFreq                      0x08001cb9   Thumb Code     6  stm32f4xx_hal_rcc.o(i.HAL_RCC_GetHCLKFreq)
    HAL_RCC_GetPCLK1Freq                     0x08001cc5   Thumb Code    20  stm32f4xx_hal_rcc.o(i.HAL_RCC_GetPCLK1Freq)
    HAL_RCC_GetPCLK2Freq                     0x08001ce5   Thumb Code    20  stm32f4xx_hal_rcc.o(i.HAL_RCC_GetPCLK2Freq)
    HAL_RCC_GetSysClockFreq                  0x08001d05   Thumb Code    88  stm32f4xx_hal_rcc.o(i.HAL_RCC_GetSysClockFreq)
    HAL_RCC_OscConfig                        0x08001d69   Thumb Code   856  stm32f4xx_hal_rcc.o(i.HAL_RCC_OscConfig)
    HAL_SYSTICK_Config                       0x080020d5   Thumb Code    40  stm32f4xx_hal_cortex.o(i.HAL_SYSTICK_Config)
    HAL_TIMEx_ConfigBreakDeadTime            0x080020fd   Thumb Code    84  stm32f4xx_hal_tim_ex.o(i.HAL_TIMEx_ConfigBreakDeadTime)
    HAL_TIMEx_MasterConfigSynchronization    0x08002151   Thumb Code   104  stm32f4xx_hal_tim_ex.o(i.HAL_TIMEx_MasterConfigSynchronization)
    HAL_TIM_Base_Init                        0x080021cd   Thumb Code    90  stm32f4xx_hal_tim.o(i.HAL_TIM_Base_Init)
    HAL_TIM_Base_MspInit                     0x08002229   Thumb Code    74  tim.o(i.HAL_TIM_Base_MspInit)
    HAL_TIM_ConfigClockSource                0x08002281   Thumb Code   220  stm32f4xx_hal_tim.o(i.HAL_TIM_ConfigClockSource)
    HAL_TIM_MspPostInit                      0x0800235d   Thumb Code   260  tim.o(i.HAL_TIM_MspPostInit)
    HAL_TIM_OC_ConfigChannel                 0x08002479   Thumb Code    82  stm32f4xx_hal_tim.o(i.HAL_TIM_OC_ConfigChannel)
    HAL_TIM_OC_Init                          0x080024cb   Thumb Code    90  stm32f4xx_hal_tim.o(i.HAL_TIM_OC_Init)
    HAL_TIM_OC_MspInit                       0x08002525   Thumb Code    30  tim.o(i.HAL_TIM_OC_MspInit)
    HAL_TIM_PWM_ConfigChannel                0x0800254d   Thumb Code   204  stm32f4xx_hal_tim.o(i.HAL_TIM_PWM_ConfigChannel)
    HAL_TIM_PWM_Init                         0x08002619   Thumb Code    90  stm32f4xx_hal_tim.o(i.HAL_TIM_PWM_Init)
    HAL_TIM_PWM_MspInit                      0x08002673   Thumb Code     2  stm32f4xx_hal_tim.o(i.HAL_TIM_PWM_MspInit)
    HAL_TIM_PWM_Start                        0x08002675   Thumb Code   156  stm32f4xx_hal_tim.o(i.HAL_TIM_PWM_Start)
    HAL_UARTEx_RxEventCallback               0x08002725   Thumb Code     2  stm32f4xx_hal_uart.o(i.HAL_UARTEx_RxEventCallback)
    HAL_UART_ErrorCallback                   0x08002727   Thumb Code     2  stm32f4xx_hal_uart.o(i.HAL_UART_ErrorCallback)
    HAL_UART_IRQHandler                      0x08002729   Thumb Code   610  stm32f4xx_hal_uart.o(i.HAL_UART_IRQHandler)
    HAL_UART_Init                            0x08002991   Thumb Code    98  stm32f4xx_hal_uart.o(i.HAL_UART_Init)
    HAL_UART_MspInit                         0x080029f5   Thumb Code   110  usart.o(i.HAL_UART_MspInit)
    HAL_UART_Receive_IT                      0x08002a71   Thumb Code    42  stm32f4xx_hal_uart.o(i.HAL_UART_Receive_IT)
    HAL_UART_RxCpltCallback                  0x08002a9d   Thumb Code    54  main.o(i.HAL_UART_RxCpltCallback)
    HAL_UART_TxCpltCallback                  0x08002ae5   Thumb Code     2  stm32f4xx_hal_uart.o(i.HAL_UART_TxCpltCallback)
    HardFault_Handler                        0x08002ae7   Thumb Code     2  stm32f4xx_it.o(i.HardFault_Handler)
    MX_ADC1_Init                             0x08002b21   Thumb Code   272  adc.o(i.MX_ADC1_Init)
    MX_CRC_Init                              0x08002c3d   Thumb Code    28  crc.o(i.MX_CRC_Init)
    MX_DMA_Init                              0x08002c61   Thumb Code    40  dma.o(i.MX_DMA_Init)
    MX_GPIO_Init                             0x08002c8d   Thumb Code   148  gpio.o(i.MX_GPIO_Init)
    MX_TIM1_Init                             0x08002d2d   Thumb Code   180  tim.o(i.MX_TIM1_Init)
    MX_TIM2_Init                             0x08002de9   Thumb Code   162  tim.o(i.MX_TIM2_Init)
    MX_TIM3_Init                             0x08002e91   Thumb Code   160  tim.o(i.MX_TIM3_Init)
    MX_TIM4_Init                             0x08002f39   Thumb Code   192  tim.o(i.MX_TIM4_Init)
    MX_USART1_UART_Init                      0x08003001   Thumb Code    48  usart.o(i.MX_USART1_UART_Init)
    MX_USB_DEVICE_Init                       0x08003039   Thumb Code    66  usb_device.o(i.MX_USB_DEVICE_Init)
    MemManage_Handler                        0x0800308d   Thumb Code     2  stm32f4xx_it.o(i.MemManage_Handler)
    NMI_Handler                              0x0800308f   Thumb Code     2  stm32f4xx_it.o(i.NMI_Handler)
    OTG_FS_IRQHandler                        0x08003091   Thumb Code     6  stm32f4xx_it.o(i.OTG_FS_IRQHandler)
    PendSV_Handler                           0x0800320b   Thumb Code     2  stm32f4xx_it.o(i.PendSV_Handler)
    SVC_Handler                              0x0800320d   Thumb Code     2  stm32f4xx_it.o(i.SVC_Handler)
    SysTick_Handler                          0x08003219   Thumb Code     4  stm32f4xx_it.o(i.SysTick_Handler)
    SystemClock_Config                       0x0800321d   Thumb Code   144  main.o(i.SystemClock_Config)
    SystemInit                               0x080032b5   Thumb Code    12  system_stm32f4xx_1.o(i.SystemInit)
    TIM_Base_SetConfig                       0x080032c5   Thumb Code   122  stm32f4xx_hal_tim.o(i.TIM_Base_SetConfig)
    TIM_CCxChannelCmd                        0x0800335d   Thumb Code    26  stm32f4xx_hal_tim.o(i.TIM_CCxChannelCmd)
    TIM_ETR_SetConfig                        0x08003377   Thumb Code    20  stm32f4xx_hal_tim.o(i.TIM_ETR_SetConfig)
    TIM_OC2_SetConfig                        0x080033ed   Thumb Code    84  stm32f4xx_hal_tim.o(i.TIM_OC2_SetConfig)
    UART_Start_Receive_IT                    0x08003751   Thumb Code    54  stm32f4xx_hal_uart.o(i.UART_Start_Receive_IT)
    USART1_IRQHandler                        0x08003789   Thumb Code     6  stm32f4xx_it.o(i.USART1_IRQHandler)
    USBD_CDC_GetDeviceQualifierDescriptor    0x08003899   Thumb Code     8  usbd_cdc.o(i.USBD_CDC_GetDeviceQualifierDescriptor)
    USBD_CDC_ReceivePacket                   0x0800396b   Thumb Code    40  usbd_cdc.o(i.USBD_CDC_ReceivePacket)
    USBD_CDC_RegisterInterface               0x08003993   Thumb Code    14  usbd_cdc.o(i.USBD_CDC_RegisterInterface)
    USBD_CDC_SetRxBuffer                     0x080039a1   Thumb Code    18  usbd_cdc.o(i.USBD_CDC_SetRxBuffer)
    USBD_CDC_SetTxBuffer                     0x080039b3   Thumb Code    22  usbd_cdc.o(i.USBD_CDC_SetTxBuffer)
    USBD_ClrClassConfig                      0x08003a87   Thumb Code    16  usbd_core.o(i.USBD_ClrClassConfig)
    USBD_CtlContinueRx                       0x08003a97   Thumb Code    16  usbd_ioreq.o(i.USBD_CtlContinueRx)
    USBD_CtlContinueSendData                 0x08003aa7   Thumb Code    16  usbd_ioreq.o(i.USBD_CtlContinueSendData)
    USBD_CtlError                            0x08003ab7   Thumb Code    22  usbd_ctlreq.o(i.USBD_CtlError)
    USBD_CtlPrepareRx                        0x08003acd   Thumb Code    30  usbd_ioreq.o(i.USBD_CtlPrepareRx)
    USBD_CtlReceiveStatus                    0x08003aeb   Thumb Code    22  usbd_ioreq.o(i.USBD_CtlReceiveStatus)
    USBD_CtlSendData                         0x08003b01   Thumb Code    26  usbd_ioreq.o(i.USBD_CtlSendData)
    USBD_CtlSendStatus                       0x08003b1b   Thumb Code    22  usbd_ioreq.o(i.USBD_CtlSendStatus)
    USBD_FS_ConfigStrDescriptor              0x08003b31   Thumb Code    16  usbd_desc.o(i.USBD_FS_ConfigStrDescriptor)
    USBD_FS_DeviceDescriptor                 0x08003b51   Thumb Code     8  usbd_desc.o(i.USBD_FS_DeviceDescriptor)
    USBD_FS_InterfaceStrDescriptor           0x08003b5d   Thumb Code    16  usbd_desc.o(i.USBD_FS_InterfaceStrDescriptor)
    USBD_FS_LangIDStrDescriptor              0x08003b81   Thumb Code     8  usbd_desc.o(i.USBD_FS_LangIDStrDescriptor)
    USBD_FS_ManufacturerStrDescriptor        0x08003b8d   Thumb Code    16  usbd_desc.o(i.USBD_FS_ManufacturerStrDescriptor)
    USBD_FS_ProductStrDescriptor             0x08003bb5   Thumb Code    16  usbd_desc.o(i.USBD_FS_ProductStrDescriptor)
    USBD_FS_SerialStrDescriptor              0x08003be1   Thumb Code    48  usbd_desc.o(i.USBD_FS_SerialStrDescriptor)
    USBD_GetString                           0x08003cff   Thumb Code    72  usbd_ctlreq.o(i.USBD_GetString)
    USBD_Get_USB_Status                      0x08003d47   Thumb Code    24  usbd_conf.o(i.USBD_Get_USB_Status)
    USBD_Init                                0x08003d5f   Thumb Code    38  usbd_core.o(i.USBD_Init)
    USBD_LL_ClearStallEP                     0x08003d85   Thumb Code    18  usbd_conf.o(i.USBD_LL_ClearStallEP)
    USBD_LL_CloseEP                          0x08003d97   Thumb Code    18  usbd_conf.o(i.USBD_LL_CloseEP)
    USBD_LL_DataInStage                      0x08003da9   Thumb Code   168  usbd_core.o(i.USBD_LL_DataInStage)
    USBD_LL_DataOutStage                     0x08003e51   Thumb Code   108  usbd_core.o(i.USBD_LL_DataOutStage)
    USBD_LL_DevConnected                     0x08003ebd   Thumb Code     4  usbd_core.o(i.USBD_LL_DevConnected)
    USBD_LL_DevDisconnected                  0x08003ec1   Thumb Code    24  usbd_core.o(i.USBD_LL_DevDisconnected)
    USBD_LL_GetRxDataSize                    0x08003ed9   Thumb Code     8  usbd_conf.o(i.USBD_LL_GetRxDataSize)
    USBD_LL_Init                             0x08003ee1   Thumb Code    90  usbd_conf.o(i.USBD_LL_Init)
    USBD_LL_IsStallEP                        0x08003f41   Thumb Code    32  usbd_conf.o(i.USBD_LL_IsStallEP)
    USBD_LL_IsoINIncomplete                  0x08003f61   Thumb Code    32  usbd_core.o(i.USBD_LL_IsoINIncomplete)
    USBD_LL_IsoOUTIncomplete                 0x08003f81   Thumb Code    32  usbd_core.o(i.USBD_LL_IsoOUTIncomplete)
    USBD_LL_OpenEP                           0x08003fa1   Thumb Code    24  usbd_conf.o(i.USBD_LL_OpenEP)
    USBD_LL_PrepareReceive                   0x08003fb9   Thumb Code    18  usbd_conf.o(i.USBD_LL_PrepareReceive)
    USBD_LL_Reset                            0x08003fcb   Thumb Code    90  usbd_core.o(i.USBD_LL_Reset)
    USBD_LL_Resume                           0x08004025   Thumb Code    20  usbd_core.o(i.USBD_LL_Resume)
    USBD_LL_SOF                              0x08004039   Thumb Code    32  usbd_core.o(i.USBD_LL_SOF)
    USBD_LL_SetSpeed                         0x08004059   Thumb Code     6  usbd_core.o(i.USBD_LL_SetSpeed)
    USBD_LL_SetUSBAddress                    0x0800405f   Thumb Code    18  usbd_conf.o(i.USBD_LL_SetUSBAddress)
    USBD_LL_SetupStage                       0x08004071   Thumb Code    96  usbd_core.o(i.USBD_LL_SetupStage)
    USBD_LL_StallEP                          0x080040d1   Thumb Code    18  usbd_conf.o(i.USBD_LL_StallEP)
    USBD_LL_Start                            0x080040e3   Thumb Code    18  usbd_conf.o(i.USBD_LL_Start)
    USBD_LL_Suspend                          0x080040f5   Thumb Code    18  usbd_core.o(i.USBD_LL_Suspend)
    USBD_LL_Transmit                         0x08004107   Thumb Code    18  usbd_conf.o(i.USBD_LL_Transmit)
    USBD_ParseSetupRequest                   0x08004119   Thumb Code    44  usbd_ctlreq.o(i.USBD_ParseSetupRequest)
    USBD_RegisterClass                       0x08004145   Thumb Code    36  usbd_core.o(i.USBD_RegisterClass)
    USBD_SetClassConfig                      0x08004169   Thumb Code    20  usbd_core.o(i.USBD_SetClassConfig)
    USBD_Start                               0x08004239   Thumb Code     4  usbd_core.o(i.USBD_Start)
    USBD_StdDevReq                           0x0800423d   Thumb Code   276  usbd_ctlreq.o(i.USBD_StdDevReq)
    USBD_StdEPReq                            0x08004351   Thumb Code   320  usbd_ctlreq.o(i.USBD_StdEPReq)
    USBD_StdItfReq                           0x08004491   Thumb Code    82  usbd_ctlreq.o(i.USBD_StdItfReq)
    USBD_static_free                         0x080044e3   Thumb Code     2  usbd_conf.o(i.USBD_static_free)
    USBD_static_malloc                       0x080044e5   Thumb Code     4  usbd_conf.o(i.USBD_static_malloc)
    USB_ActivateEndpoint                     0x080044ed   Thumb Code   122  stm32f4xx_ll_usb.o(i.USB_ActivateEndpoint)
    USB_ActivateSetup                        0x0800456d   Thumb Code    28  stm32f4xx_ll_usb.o(i.USB_ActivateSetup)
    USB_CoreInit                             0x08004589   Thumb Code   112  stm32f4xx_ll_usb.o(i.USB_CoreInit)
    USB_DeactivateEndpoint                   0x0800463d   Thumb Code   194  stm32f4xx_ll_usb.o(i.USB_DeactivateEndpoint)
    USB_DevConnect                           0x08004709   Thumb Code    28  stm32f4xx_ll_usb.o(i.USB_DevConnect)
    USB_DevDisconnect                        0x08004725   Thumb Code    28  stm32f4xx_ll_usb.o(i.USB_DevDisconnect)
    USB_DevInit                              0x08004741   Thumb Code   362  stm32f4xx_ll_usb.o(i.USB_DevInit)
    USB_DisableGlobalInt                     0x080048b5   Thumb Code    12  stm32f4xx_ll_usb.o(i.USB_DisableGlobalInt)
    USB_EP0StartXfer                         0x080048c1   Thumb Code   276  stm32f4xx_ll_usb.o(i.USB_EP0StartXfer)
    USB_EP0_OutStart                         0x080049d9   Thumb Code    84  stm32f4xx_ll_usb.o(i.USB_EP0_OutStart)
    USB_EPClearStall                         0x08004a31   Thumb Code    88  stm32f4xx_ll_usb.o(i.USB_EPClearStall)
    USB_EPSetStall                           0x08004a89   Thumb Code    88  stm32f4xx_ll_usb.o(i.USB_EPSetStall)
    USB_EPStartXfer                          0x08004ae1   Thumb Code   482  stm32f4xx_ll_usb.o(i.USB_EPStartXfer)
    USB_EnableGlobalInt                      0x08004cc9   Thumb Code    12  stm32f4xx_ll_usb.o(i.USB_EnableGlobalInt)
    USB_FlushRxFifo                          0x08004cd5   Thumb Code    36  stm32f4xx_ll_usb.o(i.USB_FlushRxFifo)
    USB_FlushTxFifo                          0x08004cfd   Thumb Code    40  stm32f4xx_ll_usb.o(i.USB_FlushTxFifo)
    USB_GetDevSpeed                          0x08004d29   Thumb Code    26  stm32f4xx_ll_usb.o(i.USB_GetDevSpeed)
    USB_GetMode                              0x08004d43   Thumb Code     8  stm32f4xx_ll_usb.o(i.USB_GetMode)
    USB_ReadDevAllInEpInterrupt              0x08004d4b   Thumb Code    14  stm32f4xx_ll_usb.o(i.USB_ReadDevAllInEpInterrupt)
    USB_ReadDevAllOutEpInterrupt             0x08004d59   Thumb Code    14  stm32f4xx_ll_usb.o(i.USB_ReadDevAllOutEpInterrupt)
    USB_ReadDevInEPInterrupt                 0x08004d67   Thumb Code    36  stm32f4xx_ll_usb.o(i.USB_ReadDevInEPInterrupt)
    USB_ReadDevOutEPInterrupt                0x08004d8b   Thumb Code    16  stm32f4xx_ll_usb.o(i.USB_ReadDevOutEPInterrupt)
    USB_ReadInterrupts                       0x08004d9b   Thumb Code     8  stm32f4xx_ll_usb.o(i.USB_ReadInterrupts)
    USB_ReadPacket                           0x08004da3   Thumb Code    62  stm32f4xx_ll_usb.o(i.USB_ReadPacket)
    USB_SetCurrentMode                       0x08004de1   Thumb Code    92  stm32f4xx_ll_usb.o(i.USB_SetCurrentMode)
    USB_SetDevAddress                        0x08004e3d   Thumb Code    34  stm32f4xx_ll_usb.o(i.USB_SetDevAddress)
    USB_SetTurnaroundTime                    0x08004e61   Thumb Code   158  stm32f4xx_ll_usb.o(i.USB_SetTurnaroundTime)
    USB_WritePacket                          0x08004f49   Thumb Code    40  stm32f4xx_ll_usb.o(i.USB_WritePacket)
    UsageFault_Handler                       0x08004f71   Thumb Code     2  stm32f4xx_it.o(i.UsageFault_Handler)
    __hardfp_round                           0x08004f99   Thumb Code   194  round.o(i.__hardfp_round)
    main                                     0x080055c5   Thumb Code   196  main.o(i.main)
    pb_close_string_substream                0x080056a5   Thumb Code    34  pb_decode.o(i.pb_close_string_substream)
    pb_decode                                0x080059e9   Thumb Code     6  pb_decode.o(i.pb_decode)
    pb_decode_bool                           0x080059ef   Thumb Code    26  pb_decode.o(i.pb_decode_bool)
    pb_decode_fixed32                        0x08005a09   Thumb Code    42  pb_decode.o(i.pb_decode_fixed32)
    pb_decode_fixed64                        0x08005a33   Thumb Code    92  pb_decode.o(i.pb_decode_fixed64)
    pb_decode_svarint                        0x08005ca5   Thumb Code    58  pb_decode.o(i.pb_decode_svarint)
    pb_decode_tag                            0x08005cdf   Thumb Code    44  pb_decode.o(i.pb_decode_tag)
    pb_decode_varint                         0x08005d0d   Thumb Code    86  pb_decode.o(i.pb_decode_varint)
    pb_decode_varint32                       0x08005d75   Thumb Code     6  pb_decode.o(i.pb_decode_varint32)
    pb_field_iter_begin                      0x08005e25   Thumb Code    28  pb_common.o(i.pb_field_iter_begin)
    pb_field_iter_begin_extension            0x08005e41   Thumb Code    40  pb_common.o(i.pb_field_iter_begin_extension)
    pb_field_iter_find                       0x08005e69   Thumb Code   106  pb_common.o(i.pb_field_iter_find)
    pb_field_iter_find_extension             0x08005ed3   Thumb Code    70  pb_common.o(i.pb_field_iter_find_extension)
    pb_field_iter_next                       0x08005f19   Thumb Code    24  pb_common.o(i.pb_field_iter_next)
    pb_istream_from_buffer                   0x08005fe9   Thumb Code    14  pb_decode.o(i.pb_istream_from_buffer)
    pb_make_string_substream                 0x08005ffd   Thumb Code    62  pb_decode.o(i.pb_make_string_substream)
    pb_read                                  0x080060e9   Thumb Code   104  pb_decode.o(i.pb_read)
    pb_skip_field                            0x080061bd   Thumb Code   100  pb_decode.o(i.pb_skip_field)
    __aeabi_dadd                             0x080062cd   Thumb Code     0  daddsub_clz.o(x$fpl$dadd)
    _dadd                                    0x080062cd   Thumb Code   332  daddsub_clz.o(x$fpl$dadd)
    __fpl_dcmp_Inf                           0x0800641d   Thumb Code    24  dcmpi.o(x$fpl$dcmpinf)
    __aeabi_d2iz                             0x08006435   Thumb Code     0  dfix.o(x$fpl$dfix)
    _dfix                                    0x08006435   Thumb Code    94  dfix.o(x$fpl$dfix)
    __aeabi_ui2d                             0x08006493   Thumb Code     0  dflt_clz.o(x$fpl$dfltu)
    _dfltu                                   0x08006493   Thumb Code    38  dflt_clz.o(x$fpl$dfltu)
    __aeabi_cdcmple                          0x080064b9   Thumb Code     0  dleqf.o(x$fpl$dleqf)
    _dcmple                                  0x080064b9   Thumb Code   120  dleqf.o(x$fpl$dleqf)
    __fpl_dcmple_InfNaN                      0x0800651b   Thumb Code     0  dleqf.o(x$fpl$dleqf)
    __aeabi_dmul                             0x08006531   Thumb Code     0  dmul.o(x$fpl$dmul)
    _dmul                                    0x08006531   Thumb Code   332  dmul.o(x$fpl$dmul)
    __fpl_dnaninf                            0x08006685   Thumb Code   156  dnaninf.o(x$fpl$dnaninf)
    __fpl_dretinf                            0x08006721   Thumb Code    12  dretinf.o(x$fpl$dretinf)
    __aeabi_cdrcmple                         0x0800672d   Thumb Code     0  drleqf.o(x$fpl$drleqf)
    _drcmple                                 0x0800672d   Thumb Code   108  drleqf.o(x$fpl$drleqf)
    _drnd                                    0x08006799   Thumb Code   180  drnd.o(x$fpl$drnd)
    __aeabi_dsub                             0x0800684d   Thumb Code     0  daddsub_clz.o(x$fpl$dsub)
    _dsub                                    0x0800684d   Thumb Code   464  daddsub_clz.o(x$fpl$dsub)
    _fp_init                                 0x08006a21   Thumb Code    10  fpinit.o(x$fpl$fpinit)
    __fplib_config_fpu_vfp                   0x08006a29   Thumb Code     0  fpinit.o(x$fpl$fpinit)
    __fplib_config_pureend_doubles           0x08006a29   Thumb Code     0  fpinit.o(x$fpl$fpinit)
    __I$use$fp                               0x08006a2a   Number         0  usenofp.o(x$fpl$usenofp)
    default_esc_command                      0x08006a2c   Data          32  main.o(.constdata)
    WarpCommand_field_info                   0x08006a6c   Data          36  warp_protocol.pb.o(.constdata)
    WarpCommand_submsg_info                  0x08006a90   Data           4  warp_protocol.pb.o(.constdata)
    WarpCommand_msg                          0x08006a94   Data          24  warp_protocol.pb.o(.constdata)
    AHBPrescTable                            0x08006ab4   Data          16  system_stm32f4xx_1.o(.constdata)
    APBPrescTable                            0x08006ac4   Data           8  system_stm32f4xx_1.o(.constdata)
    Region$$Table$$Base                      0x08006acc   Number         0  anon$$obj.o(Region$$Table)
    Region$$Table$$Limit                     0x08006aec   Number         0  anon$$obj.o(Region$$Table)
    cmd_ready_flag                           0x20000000   Data           1  main.o(.data)
    constant1                                0x20000004   Data           4  main.o(.data)
    constant2                                0x20000008   Data           4  main.o(.data)
    hcrc                                     0x2000000c   Data           8  crc.o(.data)
    FS_Desc                                  0x20000014   Data          28  usbd_desc.o(.data)
    USBD_LangIDDesc                          0x20000030   Data           4  usbd_desc.o(.data)
    USBD_FS_DeviceDesc                       0x20000034   Data          18  usbd_desc.o(.data)
    USBD_StringSerial                        0x20000048   Data          26  usbd_desc.o(.data)
    USBD_Interface_fops_FS                   0x20000064   Data          20  usbd_cdc_if.o(.data)
    uwTickFreq                               0x20000078   Data           1  stm32f4xx_hal.o(.data)
    uwTickPrio                               0x2000007c   Data           4  stm32f4xx_hal.o(.data)
    uwTick                                   0x20000080   Data           4  stm32f4xx_hal.o(.data)
    SystemCoreClock                          0x20000084   Data           4  system_stm32f4xx_1.o(.data)
    USBD_CDC                                 0x20000164   Data          56  usbd_cdc.o(.data)
    esc_command                              0x2000019c   Data          32  main.o(.bss)
    adcbuffer                                0x200001bc   Data          40  main.o(.bss)
    sensors                                  0x200001e4   Data          40  main.o(.bss)
    encodedADCInfo                           0x2000020c   Data          75  main.o(.bss)
    uart_rx_buffer                           0x20000257   Data          24  main.o(.bss)
    hadc1                                    0x20000270   Data          72  adc.o(.bss)
    hdma_adc1                                0x200002b8   Data          96  adc.o(.bss)
    htim1                                    0x20000318   Data          72  tim.o(.bss)
    htim2                                    0x20000360   Data          72  tim.o(.bss)
    htim3                                    0x200003a8   Data          72  tim.o(.bss)
    htim4                                    0x200003f0   Data          72  tim.o(.bss)
    huart1                                   0x20000438   Data          68  usart.o(.bss)
    hUsbDeviceFS                             0x2000047c   Data         720  usb_device.o(.bss)
    USBD_StrDesc                             0x2000074c   Data         512  usbd_desc.o(.bss)
    UserRxBufferFS                           0x2000094c   Data        1000  usbd_cdc_if.o(.bss)
    UserTxBufferFS                           0x20000d34   Data        1000  usbd_cdc_if.o(.bss)
    hpcd_USB_OTG_FS                          0x2000133c   Data        1032  usbd_conf.o(.bss)
    __libspace_start                         0x20001744   Data          96  libspace.o(.bss)
    __temporary_stack_top$libspace           0x200017a4   Data           0  libspace.o(.bss)



==============================================================================

Memory Map of the image

  Image Entry point : 0x08000195

  Load Region LR_IROM1 (Base: 0x08000000, Size: 0x00006c88, Max: 0x00040000, ABSOLUTE, COMPRESSED[0x00006bbc])

    Execution Region ER_IROM1 (Exec base: 0x08000000, Load base: 0x08000000, Size: 0x00006aec, Max: 0x00040000, ABSOLUTE)

    Exec Addr    Load Addr    Size         Type   Attr      Idx    E Section Name        Object

    0x08000000   0x08000000   0x00000194   Data   RO            3    RESET               startup_stm32f401xc.o
    0x08000194   0x08000194   0x00000008   Code   RO         5277  * !!!main             c_w.l(__main.o)
    0x0800019c   0x0800019c   0x00000034   Code   RO         5483    !!!scatter          c_w.l(__scatter.o)
    0x080001d0   0x080001d0   0x0000005a   Code   RO         5481    !!dczerorl2         c_w.l(__dczerorl2.o)
    0x0800022a   0x0800022a   0x00000002   PAD
    0x0800022c   0x0800022c   0x0000001c   Code   RO         5485    !!handler_zi        c_w.l(__scatter_zi.o)
    0x08000248   0x08000248   0x00000002   Code   RO         5349    .ARM.Collect$$libinit$$00000000  c_w.l(libinit.o)
    0x0800024a   0x0800024a   0x00000004   Code   RO         5361    .ARM.Collect$$libinit$$00000001  c_w.l(libinit2.o)
    0x0800024e   0x0800024e   0x00000000   Code   RO         5364    .ARM.Collect$$libinit$$00000004  c_w.l(libinit2.o)
    0x0800024e   0x0800024e   0x00000000   Code   RO         5367    .ARM.Collect$$libinit$$0000000A  c_w.l(libinit2.o)
    0x0800024e   0x0800024e   0x00000000   Code   RO         5369    .ARM.Collect$$libinit$$0000000C  c_w.l(libinit2.o)
    0x0800024e   0x0800024e   0x00000000   Code   RO         5371    .ARM.Collect$$libinit$$0000000E  c_w.l(libinit2.o)
    0x0800024e   0x0800024e   0x00000000   Code   RO         5374    .ARM.Collect$$libinit$$00000011  c_w.l(libinit2.o)
    0x0800024e   0x0800024e   0x00000000   Code   RO         5376    .ARM.Collect$$libinit$$00000013  c_w.l(libinit2.o)
    0x0800024e   0x0800024e   0x00000000   Code   RO         5378    .ARM.Collect$$libinit$$00000015  c_w.l(libinit2.o)
    0x0800024e   0x0800024e   0x00000000   Code   RO         5380    .ARM.Collect$$libinit$$00000017  c_w.l(libinit2.o)
    0x0800024e   0x0800024e   0x00000000   Code   RO         5382    .ARM.Collect$$libinit$$00000019  c_w.l(libinit2.o)
    0x0800024e   0x0800024e   0x00000000   Code   RO         5384    .ARM.Collect$$libinit$$0000001B  c_w.l(libinit2.o)
    0x0800024e   0x0800024e   0x00000000   Code   RO         5386    .ARM.Collect$$libinit$$0000001D  c_w.l(libinit2.o)
    0x0800024e   0x0800024e   0x00000000   Code   RO         5388    .ARM.Collect$$libinit$$0000001F  c_w.l(libinit2.o)
    0x0800024e   0x0800024e   0x00000000   Code   RO         5390    .ARM.Collect$$libinit$$00000021  c_w.l(libinit2.o)
    0x0800024e   0x0800024e   0x00000000   Code   RO         5392    .ARM.Collect$$libinit$$00000023  c_w.l(libinit2.o)
    0x0800024e   0x0800024e   0x00000000   Code   RO         5394    .ARM.Collect$$libinit$$00000025  c_w.l(libinit2.o)
    0x0800024e   0x0800024e   0x00000000   Code   RO         5398    .ARM.Collect$$libinit$$0000002C  c_w.l(libinit2.o)
    0x0800024e   0x0800024e   0x00000000   Code   RO         5400    .ARM.Collect$$libinit$$0000002E  c_w.l(libinit2.o)
    0x0800024e   0x0800024e   0x00000000   Code   RO         5402    .ARM.Collect$$libinit$$00000030  c_w.l(libinit2.o)
    0x0800024e   0x0800024e   0x00000000   Code   RO         5404    .ARM.Collect$$libinit$$00000032  c_w.l(libinit2.o)
    0x0800024e   0x0800024e   0x00000002   Code   RO         5405    .ARM.Collect$$libinit$$00000033  c_w.l(libinit2.o)
    0x08000250   0x08000250   0x00000002   Code   RO         5436    .ARM.Collect$$libshutdown$$00000000  c_w.l(libshutdown.o)
    0x08000252   0x08000252   0x00000000   Code   RO         5462    .ARM.Collect$$libshutdown$$00000002  c_w.l(libshutdown2.o)
    0x08000252   0x08000252   0x00000000   Code   RO         5464    .ARM.Collect$$libshutdown$$00000004  c_w.l(libshutdown2.o)
    0x08000252   0x08000252   0x00000000   Code   RO         5466    .ARM.Collect$$libshutdown$$00000006  c_w.l(libshutdown2.o)
    0x08000252   0x08000252   0x00000000   Code   RO         5469    .ARM.Collect$$libshutdown$$00000009  c_w.l(libshutdown2.o)
    0x08000252   0x08000252   0x00000000   Code   RO         5472    .ARM.Collect$$libshutdown$$0000000C  c_w.l(libshutdown2.o)
    0x08000252   0x08000252   0x00000000   Code   RO         5474    .ARM.Collect$$libshutdown$$0000000E  c_w.l(libshutdown2.o)
    0x08000252   0x08000252   0x00000000   Code   RO         5477    .ARM.Collect$$libshutdown$$00000011  c_w.l(libshutdown2.o)
    0x08000252   0x08000252   0x00000002   Code   RO         5478    .ARM.Collect$$libshutdown$$00000012  c_w.l(libshutdown2.o)
    0x08000254   0x08000254   0x00000000   Code   RO         5295    .ARM.Collect$$rtentry$$00000000  c_w.l(__rtentry.o)
    0x08000254   0x08000254   0x00000000   Code   RO         5318    .ARM.Collect$$rtentry$$00000002  c_w.l(__rtentry2.o)
    0x08000254   0x08000254   0x00000006   Code   RO         5330    .ARM.Collect$$rtentry$$00000004  c_w.l(__rtentry4.o)
    0x0800025a   0x0800025a   0x00000000   Code   RO         5320    .ARM.Collect$$rtentry$$00000009  c_w.l(__rtentry2.o)
    0x0800025a   0x0800025a   0x00000004   Code   RO         5321    .ARM.Collect$$rtentry$$0000000A  c_w.l(__rtentry2.o)
    0x0800025e   0x0800025e   0x00000000   Code   RO         5323    .ARM.Collect$$rtentry$$0000000C  c_w.l(__rtentry2.o)
    0x0800025e   0x0800025e   0x00000008   Code   RO         5324    .ARM.Collect$$rtentry$$0000000D  c_w.l(__rtentry2.o)
    0x08000266   0x08000266   0x00000002   Code   RO         5353    .ARM.Collect$$rtexit$$00000000  c_w.l(rtexit.o)
    0x08000268   0x08000268   0x00000000   Code   RO         5409    .ARM.Collect$$rtexit$$00000002  c_w.l(rtexit2.o)
    0x08000268   0x08000268   0x00000004   Code   RO         5410    .ARM.Collect$$rtexit$$00000003  c_w.l(rtexit2.o)
    0x0800026c   0x0800026c   0x00000006   Code   RO         5411    .ARM.Collect$$rtexit$$00000004  c_w.l(rtexit2.o)
    0x08000272   0x08000272   0x00000002   PAD
    0x08000274   0x08000274   0x00000040   Code   RO            4    .text               startup_stm32f401xc.o
    0x080002b4   0x080002b4   0x000000ee   Code   RO         5263    .text               c_w.l(lludivv7m.o)
    0x080003a2   0x080003a2   0x00000026   Code   RO         5265    .text               c_w.l(llshl.o)
    0x080003c8   0x080003c8   0x0000008a   Code   RO         5267    .text               c_w.l(rt_memcpy_v6.o)
    0x08000452   0x08000452   0x00000064   Code   RO         5269    .text               c_w.l(rt_memcpy_w.o)
    0x080004b6   0x080004b6   0x00000044   Code   RO         5271    .text               c_w.l(rt_memclr.o)
    0x080004fa   0x080004fa   0x0000004e   Code   RO         5273    .text               c_w.l(rt_memclr_w.o)
    0x08000548   0x08000548   0x00000006   Code   RO         5275    .text               c_w.l(heapauxi.o)
    0x0800054e   0x0800054e   0x0000004a   Code   RO         5336    .text               c_w.l(sys_stackheap_outer.o)
    0x08000598   0x08000598   0x00000012   Code   RO         5338    .text               c_w.l(exit.o)
    0x080005aa   0x080005aa   0x00000002   PAD
    0x080005ac   0x080005ac   0x00000008   Code   RO         5350    .text               c_w.l(libspace.o)
    0x080005b4   0x080005b4   0x0000000c   Code   RO         5406    .text               c_w.l(sys_exit.o)
    0x080005c0   0x080005c0   0x00000002   Code   RO         5425    .text               c_w.l(use_no_semi.o)
    0x080005c2   0x080005c2   0x00000000   Code   RO         5427    .text               c_w.l(indicate_semi.o)
    0x080005c2   0x080005c2   0x00000002   PAD
    0x080005c4   0x080005c4   0x00000128   Code   RO         3184    i.ADC_Init          stm32f4xx_hal_adc.o
    0x080006ec   0x080006ec   0x00000002   Code   RO          512    i.BusFault_Handler  stm32f4xx_it.o
    0x080006ee   0x080006ee   0x00000004   Code   RO         1172    i.CDC_Control_FS    usbd_cdc_if.o
    0x080006f2   0x080006f2   0x00000004   Code   RO         1173    i.CDC_DeInit_FS     usbd_cdc_if.o
    0x080006f6   0x080006f6   0x00000002   Code   RO           13    i.CDC_FS_Receive_CpltCallback  main.o
    0x080006f8   0x080006f8   0x00000024   Code   RO         1174    i.CDC_Init_FS       usbd_cdc_if.o
    0x0800071c   0x0800071c   0x00000024   Code   RO         1175    i.CDC_Receive_FS    usbd_cdc_if.o
    0x08000740   0x08000740   0x00000004   Code   RO         1176    i.CDC_TransmitCplt_FS  usbd_cdc_if.o
    0x08000744   0x08000744   0x0000000c   Code   RO          513    i.DMA2_Stream0_IRQHandler  stm32f4xx_it.o
    0x08000750   0x08000750   0x00000028   Code   RO         2484    i.DMA_CalcBaseAndBitshift  stm32f4xx_hal_dma.o
    0x08000778   0x08000778   0x00000054   Code   RO         2485    i.DMA_CheckFifoParam  stm32f4xx_hal_dma.o
    0x080007cc   0x080007cc   0x00000002   Code   RO          514    i.DebugMon_Handler  stm32f4xx_it.o
    0x080007ce   0x080007ce   0x00000002   PAD
    0x080007d0   0x080007d0   0x00000164   Code   RO           14    i.DriveMotors2      main.o
    0x08000934   0x08000934   0x00000004   Code   RO           16    i.Error_Handler     main.o
    0x08000938   0x08000938   0x0000014c   Code   RO         3186    i.HAL_ADC_ConfigChannel  stm32f4xx_hal_adc.o
    0x08000a84   0x08000a84   0x00000054   Code   RO         3195    i.HAL_ADC_Init      stm32f4xx_hal_adc.o
    0x08000ad8   0x08000ad8   0x000000bc   Code   RO          285    i.HAL_ADC_MspInit   adc.o
    0x08000b94   0x08000b94   0x00000022   Code   RO         3463    i.HAL_CRC_Init      stm32f4xx_hal_crc.o
    0x08000bb6   0x08000bb6   0x00000002   PAD
    0x08000bb8   0x08000bb8   0x00000028   Code   RO          327    i.HAL_CRC_MspInit   crc.o
    0x08000be0   0x08000be0   0x00000092   Code   RO         2487    i.HAL_DMA_Abort     stm32f4xx_hal_dma.o
    0x08000c72   0x08000c72   0x00000024   Code   RO         2488    i.HAL_DMA_Abort_IT  stm32f4xx_hal_dma.o
    0x08000c96   0x08000c96   0x00000002   PAD
    0x08000c98   0x08000c98   0x000001a0   Code   RO         2492    i.HAL_DMA_IRQHandler  stm32f4xx_hal_dma.o
    0x08000e38   0x08000e38   0x000000d4   Code   RO         2493    i.HAL_DMA_Init      stm32f4xx_hal_dma.o
    0x08000f0c   0x08000f0c   0x00000024   Code   RO         2930    i.HAL_Delay         stm32f4xx_hal.o
    0x08000f30   0x08000f30   0x000001e0   Code   RO         2380    i.HAL_GPIO_Init     stm32f4xx_hal_gpio.o
    0x08001110   0x08001110   0x0000000a   Code   RO         2384    i.HAL_GPIO_WritePin  stm32f4xx_hal_gpio.o
    0x0800111a   0x0800111a   0x00000002   PAD
    0x0800111c   0x0800111c   0x0000000c   Code   RO         2936    i.HAL_GetTick       stm32f4xx_hal.o
    0x08001128   0x08001128   0x00000010   Code   RO         2942    i.HAL_IncTick       stm32f4xx_hal.o
    0x08001138   0x08001138   0x00000034   Code   RO         2943    i.HAL_Init          stm32f4xx_hal.o
    0x0800116c   0x0800116c   0x00000040   Code   RO         2944    i.HAL_InitTick      stm32f4xx_hal.o
    0x080011ac   0x080011ac   0x00000030   Code   RO          617    i.HAL_MspInit       stm32f4xx_hal_msp.o
    0x080011dc   0x080011dc   0x0000001a   Code   RO         2793    i.HAL_NVIC_EnableIRQ  stm32f4xx_hal_cortex.o
    0x080011f6   0x080011f6   0x00000002   PAD
    0x080011f8   0x080011f8   0x00000040   Code   RO         2799    i.HAL_NVIC_SetPriority  stm32f4xx_hal_cortex.o
    0x08001238   0x08001238   0x00000024   Code   RO         2800    i.HAL_NVIC_SetPriorityGrouping  stm32f4xx_hal_cortex.o
    0x0800125c   0x0800125c   0x00000002   Code   RO         1663    i.HAL_PCDEx_LPM_Callback  stm32f4xx_hal_pcd_ex.o
    0x0800125e   0x0800125e   0x00000008   Code   RO         1664    i.HAL_PCDEx_SetRxFiFo  stm32f4xx_hal_pcd_ex.o
    0x08001266   0x08001266   0x00000044   Code   RO         1665    i.HAL_PCDEx_SetTxFiFo  stm32f4xx_hal_pcd_ex.o
    0x080012aa   0x080012aa   0x00000008   Code   RO         1229    i.HAL_PCD_ConnectCallback  usbd_conf.o
    0x080012b2   0x080012b2   0x00000012   Code   RO         1230    i.HAL_PCD_DataInStageCallback  usbd_conf.o
    0x080012c4   0x080012c4   0x00000014   Code   RO         1231    i.HAL_PCD_DataOutStageCallback  usbd_conf.o
    0x080012d8   0x080012d8   0x00000008   Code   RO         1232    i.HAL_PCD_DisconnectCallback  usbd_conf.o
    0x080012e0   0x080012e0   0x0000004c   Code   RO         1445    i.HAL_PCD_EP_Close  stm32f4xx_hal_pcd.o
    0x0800132c   0x0800132c   0x0000005c   Code   RO         1446    i.HAL_PCD_EP_ClrStall  stm32f4xx_hal_pcd.o
    0x08001388   0x08001388   0x00000012   Code   RO         1448    i.HAL_PCD_EP_GetRxCount  stm32f4xx_hal_pcd.o
    0x0800139a   0x0800139a   0x00000060   Code   RO         1449    i.HAL_PCD_EP_Open   stm32f4xx_hal_pcd.o
    0x080013fa   0x080013fa   0x00000048   Code   RO         1450    i.HAL_PCD_EP_Receive  stm32f4xx_hal_pcd.o
    0x08001442   0x08001442   0x00000074   Code   RO         1451    i.HAL_PCD_EP_SetStall  stm32f4xx_hal_pcd.o
    0x080014b6   0x080014b6   0x00000040   Code   RO         1452    i.HAL_PCD_EP_Transmit  stm32f4xx_hal_pcd.o
    0x080014f6   0x080014f6   0x00000002   PAD
    0x080014f8   0x080014f8   0x00000434   Code   RO         1454    i.HAL_PCD_IRQHandler  stm32f4xx_hal_pcd.o
    0x0800192c   0x0800192c   0x00000008   Code   RO         1233    i.HAL_PCD_ISOINIncompleteCallback  usbd_conf.o
    0x08001934   0x08001934   0x00000008   Code   RO         1234    i.HAL_PCD_ISOOUTIncompleteCallback  usbd_conf.o
    0x0800193c   0x0800193c   0x000000e2   Code   RO         1457    i.HAL_PCD_Init      stm32f4xx_hal_pcd.o
    0x08001a1e   0x08001a1e   0x00000002   PAD
    0x08001a20   0x08001a20   0x00000084   Code   RO         1236    i.HAL_PCD_MspInit   usbd_conf.o
    0x08001aa4   0x08001aa4   0x00000026   Code   RO         1237    i.HAL_PCD_ResetCallback  usbd_conf.o
    0x08001aca   0x08001aca   0x00000008   Code   RO         1238    i.HAL_PCD_ResumeCallback  usbd_conf.o
    0x08001ad2   0x08001ad2   0x00000008   Code   RO         1239    i.HAL_PCD_SOFCallback  usbd_conf.o
    0x08001ada   0x08001ada   0x00000028   Code   RO         1463    i.HAL_PCD_SetAddress  stm32f4xx_hal_pcd.o
    0x08001b02   0x08001b02   0x0000000e   Code   RO         1240    i.HAL_PCD_SetupStageCallback  usbd_conf.o
    0x08001b10   0x08001b10   0x00000042   Code   RO         1465    i.HAL_PCD_Start     stm32f4xx_hal_pcd.o
    0x08001b52   0x08001b52   0x00000002   PAD
    0x08001b54   0x08001b54   0x00000030   Code   RO         1241    i.HAL_PCD_SuspendCallback  usbd_conf.o
    0x08001b84   0x08001b84   0x00000134   Code   RO         2002    i.HAL_RCC_ClockConfig  stm32f4xx_hal_rcc.o
    0x08001cb8   0x08001cb8   0x0000000c   Code   RO         2007    i.HAL_RCC_GetHCLKFreq  stm32f4xx_hal_rcc.o
    0x08001cc4   0x08001cc4   0x00000020   Code   RO         2009    i.HAL_RCC_GetPCLK1Freq  stm32f4xx_hal_rcc.o
    0x08001ce4   0x08001ce4   0x00000020   Code   RO         2010    i.HAL_RCC_GetPCLK2Freq  stm32f4xx_hal_rcc.o
    0x08001d04   0x08001d04   0x00000064   Code   RO         2011    i.HAL_RCC_GetSysClockFreq  stm32f4xx_hal_rcc.o
    0x08001d68   0x08001d68   0x0000036c   Code   RO         2014    i.HAL_RCC_OscConfig  stm32f4xx_hal_rcc.o
    0x080020d4   0x080020d4   0x00000028   Code   RO         2804    i.HAL_SYSTICK_Config  stm32f4xx_hal_cortex.o
    0x080020fc   0x080020fc   0x00000054   Code   RO         4228    i.HAL_TIMEx_ConfigBreakDeadTime  stm32f4xx_hal_tim_ex.o
    0x08002150   0x08002150   0x0000007c   Code   RO         4244    i.HAL_TIMEx_MasterConfigSynchronization  stm32f4xx_hal_tim_ex.o
    0x080021cc   0x080021cc   0x0000005a   Code   RO         3521    i.HAL_TIM_Base_Init  stm32f4xx_hal_tim.o
    0x08002226   0x08002226   0x00000002   PAD
    0x08002228   0x08002228   0x00000058   Code   RO          393    i.HAL_TIM_Base_MspInit  tim.o
    0x08002280   0x08002280   0x000000dc   Code   RO         3530    i.HAL_TIM_ConfigClockSource  stm32f4xx_hal_tim.o
    0x0800235c   0x0800235c   0x0000011c   Code   RO          394    i.HAL_TIM_MspPostInit  tim.o
    0x08002478   0x08002478   0x00000052   Code   RO         3570    i.HAL_TIM_OC_ConfigChannel  stm32f4xx_hal_tim.o
    0x080024ca   0x080024ca   0x0000005a   Code   RO         3574    i.HAL_TIM_OC_Init   stm32f4xx_hal_tim.o
    0x08002524   0x08002524   0x00000028   Code   RO          396    i.HAL_TIM_OC_MspInit  tim.o
    0x0800254c   0x0800254c   0x000000cc   Code   RO         3593    i.HAL_TIM_PWM_ConfigChannel  stm32f4xx_hal_tim.o
    0x08002618   0x08002618   0x0000005a   Code   RO         3596    i.HAL_TIM_PWM_Init  stm32f4xx_hal_tim.o
    0x08002672   0x08002672   0x00000002   Code   RO         3598    i.HAL_TIM_PWM_MspInit  stm32f4xx_hal_tim.o
    0x08002674   0x08002674   0x000000b0   Code   RO         3601    i.HAL_TIM_PWM_Start  stm32f4xx_hal_tim.o
    0x08002724   0x08002724   0x00000002   Code   RO         4503    i.HAL_UARTEx_RxEventCallback  stm32f4xx_hal_uart.o
    0x08002726   0x08002726   0x00000002   Code   RO         4517    i.HAL_UART_ErrorCallback  stm32f4xx_hal_uart.o
    0x08002728   0x08002728   0x00000268   Code   RO         4520    i.HAL_UART_IRQHandler  stm32f4xx_hal_uart.o
    0x08002990   0x08002990   0x00000062   Code   RO         4521    i.HAL_UART_Init     stm32f4xx_hal_uart.o
    0x080029f2   0x080029f2   0x00000002   PAD
    0x080029f4   0x080029f4   0x0000007c   Code   RO          471    i.HAL_UART_MspInit  usart.o
    0x08002a70   0x08002a70   0x0000002a   Code   RO         4526    i.HAL_UART_Receive_IT  stm32f4xx_hal_uart.o
    0x08002a9a   0x08002a9a   0x00000002   PAD
    0x08002a9c   0x08002a9c   0x00000048   Code   RO           17    i.HAL_UART_RxCpltCallback  main.o
    0x08002ae4   0x08002ae4   0x00000002   Code   RO         4532    i.HAL_UART_TxCpltCallback  stm32f4xx_hal_uart.o
    0x08002ae6   0x08002ae6   0x00000002   Code   RO          516    i.HardFault_Handler  stm32f4xx_it.o
    0x08002ae8   0x08002ae8   0x00000038   Code   RO         1086    i.IntToUnicode      usbd_desc.o
    0x08002b20   0x08002b20   0x0000011c   Code   RO          286    i.MX_ADC1_Init      adc.o
    0x08002c3c   0x08002c3c   0x00000024   Code   RO          328    i.MX_CRC_Init       crc.o
    0x08002c60   0x08002c60   0x0000002c   Code   RO          368    i.MX_DMA_Init       dma.o
    0x08002c8c   0x08002c8c   0x000000a0   Code   RO          260    i.MX_GPIO_Init      gpio.o
    0x08002d2c   0x08002d2c   0x000000bc   Code   RO          397    i.MX_TIM1_Init      tim.o
    0x08002de8   0x08002de8   0x000000a8   Code   RO          398    i.MX_TIM2_Init      tim.o
    0x08002e90   0x08002e90   0x000000a8   Code   RO          399    i.MX_TIM3_Init      tim.o
    0x08002f38   0x08002f38   0x000000c8   Code   RO          400    i.MX_TIM4_Init      tim.o
    0x08003000   0x08003000   0x00000038   Code   RO          472    i.MX_USART1_UART_Init  usart.o
    0x08003038   0x08003038   0x00000054   Code   RO         1038    i.MX_USB_DEVICE_Init  usb_device.o
    0x0800308c   0x0800308c   0x00000002   Code   RO          517    i.MemManage_Handler  stm32f4xx_it.o
    0x0800308e   0x0800308e   0x00000002   Code   RO          518    i.NMI_Handler       stm32f4xx_it.o
    0x08003090   0x08003090   0x0000000c   Code   RO          519    i.OTG_FS_IRQHandler  stm32f4xx_it.o
    0x0800309c   0x0800309c   0x000000cc   Code   RO         1469    i.PCD_EP_OutXfrComplete_int  stm32f4xx_hal_pcd.o
    0x08003168   0x08003168   0x000000a2   Code   RO         1470    i.PCD_WriteEmptyTxFifo  stm32f4xx_hal_pcd.o
    0x0800320a   0x0800320a   0x00000002   Code   RO          520    i.PendSV_Handler    stm32f4xx_it.o
    0x0800320c   0x0800320c   0x00000002   Code   RO          521    i.SVC_Handler       stm32f4xx_it.o
    0x0800320e   0x0800320e   0x0000000a   Code   RO         5025    i.SWAPBYTE          usbd_ctlreq.o
    0x08003218   0x08003218   0x00000004   Code   RO          522    i.SysTick_Handler   stm32f4xx_it.o
    0x0800321c   0x0800321c   0x00000098   Code   RO           18    i.SystemClock_Config  main.o
    0x080032b4   0x080032b4   0x00000010   Code   RO         4850    i.SystemInit        system_stm32f4xx_1.o
    0x080032c4   0x080032c4   0x00000098   Code   RO         3614    i.TIM_Base_SetConfig  stm32f4xx_hal_tim.o
    0x0800335c   0x0800335c   0x0000001a   Code   RO         3615    i.TIM_CCxChannelCmd  stm32f4xx_hal_tim.o
    0x08003376   0x08003376   0x00000014   Code   RO         3625    i.TIM_ETR_SetConfig  stm32f4xx_hal_tim.o
    0x0800338a   0x0800338a   0x00000010   Code   RO         3626    i.TIM_ITRx_SetConfig  stm32f4xx_hal_tim.o
    0x0800339a   0x0800339a   0x00000002   PAD
    0x0800339c   0x0800339c   0x00000050   Code   RO         3627    i.TIM_OC1_SetConfig  stm32f4xx_hal_tim.o
    0x080033ec   0x080033ec   0x00000058   Code   RO         3628    i.TIM_OC2_SetConfig  stm32f4xx_hal_tim.o
    0x08003444   0x08003444   0x00000058   Code   RO         3629    i.TIM_OC3_SetConfig  stm32f4xx_hal_tim.o
    0x0800349c   0x0800349c   0x00000044   Code   RO         3630    i.TIM_OC4_SetConfig  stm32f4xx_hal_tim.o
    0x080034e0   0x080034e0   0x00000022   Code   RO         3632    i.TIM_TI1_ConfigInputStage  stm32f4xx_hal_tim.o
    0x08003502   0x08003502   0x00000024   Code   RO         3634    i.TIM_TI2_ConfigInputStage  stm32f4xx_hal_tim.o
    0x08003526   0x08003526   0x00000010   Code   RO         4534    i.UART_DMAAbortOnError  stm32f4xx_hal_uart.o
    0x08003536   0x08003536   0x0000004e   Code   RO         4544    i.UART_EndRxTransfer  stm32f4xx_hal_uart.o
    0x08003584   0x08003584   0x000000c0   Code   RO         4546    i.UART_Receive_IT   stm32f4xx_hal_uart.o
    0x08003644   0x08003644   0x0000010c   Code   RO         4547    i.UART_SetConfig    stm32f4xx_hal_uart.o
    0x08003750   0x08003750   0x00000036   Code   RO         4549    i.UART_Start_Receive_IT  stm32f4xx_hal_uart.o
    0x08003786   0x08003786   0x00000002   PAD
    0x08003788   0x08003788   0x0000000c   Code   RO          523    i.USART1_IRQHandler  stm32f4xx_it.o
    0x08003794   0x08003794   0x00000062   Code   RO         5158    i.USBD_CDC_DataIn   usbd_cdc.o
    0x080037f6   0x080037f6   0x0000002a   Code   RO         5159    i.USBD_CDC_DataOut  usbd_cdc.o
    0x08003820   0x08003820   0x00000048   Code   RO         5160    i.USBD_CDC_DeInit   usbd_cdc.o
    0x08003868   0x08003868   0x0000002e   Code   RO         5161    i.USBD_CDC_EP0_RxReady  usbd_cdc.o
    0x08003896   0x08003896   0x00000002   PAD
    0x08003898   0x08003898   0x0000000c   Code   RO         5162    i.USBD_CDC_GetDeviceQualifierDescriptor  usbd_cdc.o
    0x080038a4   0x080038a4   0x0000000c   Code   RO         5163    i.USBD_CDC_GetFSCfgDesc  usbd_cdc.o
    0x080038b0   0x080038b0   0x0000000c   Code   RO         5164    i.USBD_CDC_GetHSCfgDesc  usbd_cdc.o
    0x080038bc   0x080038bc   0x0000000c   Code   RO         5165    i.USBD_CDC_GetOtherSpeedCfgDesc  usbd_cdc.o
    0x080038c8   0x080038c8   0x000000a2   Code   RO         5166    i.USBD_CDC_Init     usbd_cdc.o
    0x0800396a   0x0800396a   0x00000028   Code   RO         5167    i.USBD_CDC_ReceivePacket  usbd_cdc.o
    0x08003992   0x08003992   0x0000000e   Code   RO         5168    i.USBD_CDC_RegisterInterface  usbd_cdc.o
    0x080039a0   0x080039a0   0x00000012   Code   RO         5169    i.USBD_CDC_SetRxBuffer  usbd_cdc.o
    0x080039b2   0x080039b2   0x00000016   Code   RO         5170    i.USBD_CDC_SetTxBuffer  usbd_cdc.o
    0x080039c8   0x080039c8   0x000000be   Code   RO         5171    i.USBD_CDC_Setup    usbd_cdc.o
    0x08003a86   0x08003a86   0x00000010   Code   RO         4887    i.USBD_ClrClassConfig  usbd_core.o
    0x08003a96   0x08003a96   0x00000010   Code   RO         5098    i.USBD_CtlContinueRx  usbd_ioreq.o
    0x08003aa6   0x08003aa6   0x00000010   Code   RO         5099    i.USBD_CtlContinueSendData  usbd_ioreq.o
    0x08003ab6   0x08003ab6   0x00000016   Code   RO         5026    i.USBD_CtlError     usbd_ctlreq.o
    0x08003acc   0x08003acc   0x0000001e   Code   RO         5100    i.USBD_CtlPrepareRx  usbd_ioreq.o
    0x08003aea   0x08003aea   0x00000016   Code   RO         5101    i.USBD_CtlReceiveStatus  usbd_ioreq.o
    0x08003b00   0x08003b00   0x0000001a   Code   RO         5102    i.USBD_CtlSendData  usbd_ioreq.o
    0x08003b1a   0x08003b1a   0x00000016   Code   RO         5103    i.USBD_CtlSendStatus  usbd_ioreq.o
    0x08003b30   0x08003b30   0x00000020   Code   RO         1087    i.USBD_FS_ConfigStrDescriptor  usbd_desc.o
    0x08003b50   0x08003b50   0x0000000c   Code   RO         1088    i.USBD_FS_DeviceDescriptor  usbd_desc.o
    0x08003b5c   0x08003b5c   0x00000024   Code   RO         1089    i.USBD_FS_InterfaceStrDescriptor  usbd_desc.o
    0x08003b80   0x08003b80   0x0000000c   Code   RO         1090    i.USBD_FS_LangIDStrDescriptor  usbd_desc.o
    0x08003b8c   0x08003b8c   0x00000028   Code   RO         1091    i.USBD_FS_ManufacturerStrDescriptor  usbd_desc.o
    0x08003bb4   0x08003bb4   0x0000002c   Code   RO         1092    i.USBD_FS_ProductStrDescriptor  usbd_desc.o
    0x08003be0   0x08003be0   0x00000038   Code   RO         1093    i.USBD_FS_SerialStrDescriptor  usbd_desc.o
    0x08003c18   0x08003c18   0x000000e6   Code   RO         5027    i.USBD_GetDescriptor  usbd_ctlreq.o
    0x08003cfe   0x08003cfe   0x00000048   Code   RO         5028    i.USBD_GetString    usbd_ctlreq.o
    0x08003d46   0x08003d46   0x00000018   Code   RO         1242    i.USBD_Get_USB_Status  usbd_conf.o
    0x08003d5e   0x08003d5e   0x00000026   Code   RO         4889    i.USBD_Init         usbd_core.o
    0x08003d84   0x08003d84   0x00000012   Code   RO         1243    i.USBD_LL_ClearStallEP  usbd_conf.o
    0x08003d96   0x08003d96   0x00000012   Code   RO         1244    i.USBD_LL_CloseEP   usbd_conf.o
    0x08003da8   0x08003da8   0x000000a8   Code   RO         4890    i.USBD_LL_DataInStage  usbd_core.o
    0x08003e50   0x08003e50   0x0000006c   Code   RO         4891    i.USBD_LL_DataOutStage  usbd_core.o
    0x08003ebc   0x08003ebc   0x00000004   Code   RO         4892    i.USBD_LL_DevConnected  usbd_core.o
    0x08003ec0   0x08003ec0   0x00000018   Code   RO         4893    i.USBD_LL_DevDisconnected  usbd_core.o
    0x08003ed8   0x08003ed8   0x00000008   Code   RO         1248    i.USBD_LL_GetRxDataSize  usbd_conf.o
    0x08003ee0   0x08003ee0   0x00000060   Code   RO         1249    i.USBD_LL_Init      usbd_conf.o
    0x08003f40   0x08003f40   0x00000020   Code   RO         1250    i.USBD_LL_IsStallEP  usbd_conf.o
    0x08003f60   0x08003f60   0x00000020   Code   RO         4894    i.USBD_LL_IsoINIncomplete  usbd_core.o
    0x08003f80   0x08003f80   0x00000020   Code   RO         4895    i.USBD_LL_IsoOUTIncomplete  usbd_core.o
    0x08003fa0   0x08003fa0   0x00000018   Code   RO         1251    i.USBD_LL_OpenEP    usbd_conf.o
    0x08003fb8   0x08003fb8   0x00000012   Code   RO         1252    i.USBD_LL_PrepareReceive  usbd_conf.o
    0x08003fca   0x08003fca   0x0000005a   Code   RO         4896    i.USBD_LL_Reset     usbd_core.o
    0x08004024   0x08004024   0x00000014   Code   RO         4897    i.USBD_LL_Resume    usbd_core.o
    0x08004038   0x08004038   0x00000020   Code   RO         4898    i.USBD_LL_SOF       usbd_core.o
    0x08004058   0x08004058   0x00000006   Code   RO         4899    i.USBD_LL_SetSpeed  usbd_core.o
    0x0800405e   0x0800405e   0x00000012   Code   RO         1253    i.USBD_LL_SetUSBAddress  usbd_conf.o
    0x08004070   0x08004070   0x00000060   Code   RO         4900    i.USBD_LL_SetupStage  usbd_core.o
    0x080040d0   0x080040d0   0x00000012   Code   RO         1254    i.USBD_LL_StallEP   usbd_conf.o
    0x080040e2   0x080040e2   0x00000012   Code   RO         1255    i.USBD_LL_Start     usbd_conf.o
    0x080040f4   0x080040f4   0x00000012   Code   RO         4901    i.USBD_LL_Suspend   usbd_core.o
    0x08004106   0x08004106   0x00000012   Code   RO         1257    i.USBD_LL_Transmit  usbd_conf.o
    0x08004118   0x08004118   0x0000002c   Code   RO         5029    i.USBD_ParseSetupRequest  usbd_ctlreq.o
    0x08004144   0x08004144   0x00000024   Code   RO         4902    i.USBD_RegisterClass  usbd_core.o
    0x08004168   0x08004168   0x00000014   Code   RO         4904    i.USBD_SetClassConfig  usbd_core.o
    0x0800417c   0x0800417c   0x000000bc   Code   RO         5030    i.USBD_SetConfig    usbd_ctlreq.o
    0x08004238   0x08004238   0x00000004   Code   RO         4905    i.USBD_Start        usbd_core.o
    0x0800423c   0x0800423c   0x00000114   Code   RO         5031    i.USBD_StdDevReq    usbd_ctlreq.o
    0x08004350   0x08004350   0x00000140   Code   RO         5032    i.USBD_StdEPReq     usbd_ctlreq.o
    0x08004490   0x08004490   0x00000052   Code   RO         5033    i.USBD_StdItfReq    usbd_ctlreq.o
    0x080044e2   0x080044e2   0x00000002   Code   RO         1258    i.USBD_static_free  usbd_conf.o
    0x080044e4   0x080044e4   0x00000008   Code   RO         1259    i.USBD_static_malloc  usbd_conf.o
    0x080044ec   0x080044ec   0x00000080   Code   RO         1705    i.USB_ActivateEndpoint  stm32f4xx_ll_usb.o
    0x0800456c   0x0800456c   0x0000001c   Code   RO         1707    i.USB_ActivateSetup  stm32f4xx_ll_usb.o
    0x08004588   0x08004588   0x00000074   Code   RO         1709    i.USB_CoreInit      stm32f4xx_ll_usb.o
    0x080045fc   0x080045fc   0x00000040   Code   RO         1710    i.USB_CoreReset     stm32f4xx_ll_usb.o
    0x0800463c   0x0800463c   0x000000cc   Code   RO         1713    i.USB_DeactivateEndpoint  stm32f4xx_ll_usb.o
    0x08004708   0x08004708   0x0000001c   Code   RO         1714    i.USB_DevConnect    stm32f4xx_ll_usb.o
    0x08004724   0x08004724   0x0000001c   Code   RO         1715    i.USB_DevDisconnect  stm32f4xx_ll_usb.o
    0x08004740   0x08004740   0x00000174   Code   RO         1716    i.USB_DevInit       stm32f4xx_ll_usb.o
    0x080048b4   0x080048b4   0x0000000c   Code   RO         1717    i.USB_DisableGlobalInt  stm32f4xx_ll_usb.o
    0x080048c0   0x080048c0   0x00000118   Code   RO         1720    i.USB_EP0StartXfer  stm32f4xx_ll_usb.o
    0x080049d8   0x080049d8   0x00000058   Code   RO         1721    i.USB_EP0_OutStart  stm32f4xx_ll_usb.o
    0x08004a30   0x08004a30   0x00000058   Code   RO         1722    i.USB_EPClearStall  stm32f4xx_ll_usb.o
    0x08004a88   0x08004a88   0x00000058   Code   RO         1723    i.USB_EPSetStall    stm32f4xx_ll_usb.o
    0x08004ae0   0x08004ae0   0x000001e8   Code   RO         1724    i.USB_EPStartXfer   stm32f4xx_ll_usb.o
    0x08004cc8   0x08004cc8   0x0000000c   Code   RO         1725    i.USB_EnableGlobalInt  stm32f4xx_ll_usb.o
    0x08004cd4   0x08004cd4   0x00000028   Code   RO         1726    i.USB_FlushRxFifo   stm32f4xx_ll_usb.o
    0x08004cfc   0x08004cfc   0x0000002c   Code   RO         1727    i.USB_FlushTxFifo   stm32f4xx_ll_usb.o
    0x08004d28   0x08004d28   0x0000001a   Code   RO         1729    i.USB_GetDevSpeed   stm32f4xx_ll_usb.o
    0x08004d42   0x08004d42   0x00000008   Code   RO         1731    i.USB_GetMode       stm32f4xx_ll_usb.o
    0x08004d4a   0x08004d4a   0x0000000e   Code   RO         1738    i.USB_ReadDevAllInEpInterrupt  stm32f4xx_ll_usb.o
    0x08004d58   0x08004d58   0x0000000e   Code   RO         1739    i.USB_ReadDevAllOutEpInterrupt  stm32f4xx_ll_usb.o
    0x08004d66   0x08004d66   0x00000024   Code   RO         1740    i.USB_ReadDevInEPInterrupt  stm32f4xx_ll_usb.o
    0x08004d8a   0x08004d8a   0x00000010   Code   RO         1741    i.USB_ReadDevOutEPInterrupt  stm32f4xx_ll_usb.o
    0x08004d9a   0x08004d9a   0x00000008   Code   RO         1742    i.USB_ReadInterrupts  stm32f4xx_ll_usb.o
    0x08004da2   0x08004da2   0x0000003e   Code   RO         1743    i.USB_ReadPacket    stm32f4xx_ll_usb.o
    0x08004de0   0x08004de0   0x0000005c   Code   RO         1745    i.USB_SetCurrentMode  stm32f4xx_ll_usb.o
    0x08004e3c   0x08004e3c   0x00000022   Code   RO         1746    i.USB_SetDevAddress  stm32f4xx_ll_usb.o
    0x08004e5e   0x08004e5e   0x00000002   PAD
    0x08004e60   0x08004e60   0x000000e8   Code   RO         1748    i.USB_SetTurnaroundTime  stm32f4xx_ll_usb.o
    0x08004f48   0x08004f48   0x00000028   Code   RO         1751    i.USB_WritePacket   stm32f4xx_ll_usb.o
    0x08004f70   0x08004f70   0x00000002   Code   RO          524    i.UsageFault_Handler  stm32f4xx_it.o
    0x08004f72   0x08004f72   0x00000020   Code   RO         2806    i.__NVIC_SetPriority  stm32f4xx_hal_cortex.o
    0x08004f92   0x08004f92   0x00000006   PAD
    0x08004f98   0x08004f98   0x000000e0   Code   RO         5291    i.__hardfp_round    m_wm.l(round.o)
    0x08005078   0x08005078   0x00000064   Code   RO          638    i.advance_iterator  pb_common.o
    0x080050dc   0x080050dc   0x00000018   Code   RO          708    i.buf_read          pb_decode.o
    0x080050f4   0x080050f4   0x000000c8   Code   RO          709    i.decode_basic_field  pb_decode.o
    0x080051bc   0x080051bc   0x000000a8   Code   RO          710    i.decode_callback_field  pb_decode.o
    0x08005264   0x08005264   0x00000084   Code   RO          711    i.decode_extension  pb_decode.o
    0x080052e8   0x080052e8   0x00000054   Code   RO          712    i.decode_field      pb_decode.o
    0x0800533c   0x0800533c   0x00000168   Code   RO          713    i.decode_static_field  pb_decode.o
    0x080054a4   0x080054a4   0x00000120   Code   RO          639    i.load_descriptor_values  pb_common.o
    0x080055c4   0x080055c4   0x000000e0   Code   RO           19    i.main              main.o
    0x080056a4   0x080056a4   0x00000022   Code   RO          714    i.pb_close_string_substream  pb_decode.o
    0x080056c6   0x080056c6   0x00000002   PAD
    0x080056c8   0x080056c8   0x00000068   Code   RO          715    i.pb_dec_bytes      pb_decode.o
    0x08005730   0x08005730   0x00000080   Code   RO          716    i.pb_dec_fixed_length_bytes  pb_decode.o
    0x080057b0   0x080057b0   0x00000084   Code   RO          717    i.pb_dec_string     pb_decode.o
    0x08005834   0x08005834   0x000000a0   Code   RO          718    i.pb_dec_submessage  pb_decode.o
    0x080058d4   0x080058d4   0x00000114   Code   RO          719    i.pb_dec_varint     pb_decode.o
    0x080059e8   0x080059e8   0x00000006   Code   RO          720    i.pb_decode         pb_decode.o
    0x080059ee   0x080059ee   0x0000001a   Code   RO          721    i.pb_decode_bool    pb_decode.o
    0x08005a08   0x08005a08   0x0000002a   Code   RO          723    i.pb_decode_fixed32  pb_decode.o
    0x08005a32   0x08005a32   0x0000005c   Code   RO          724    i.pb_decode_fixed64  pb_decode.o
    0x08005a8e   0x08005a8e   0x00000002   PAD
    0x08005a90   0x08005a90   0x00000214   Code   RO          725    i.pb_decode_inner   pb_decode.o
    0x08005ca4   0x08005ca4   0x0000003a   Code   RO          726    i.pb_decode_svarint  pb_decode.o
    0x08005cde   0x08005cde   0x0000002c   Code   RO          727    i.pb_decode_tag     pb_decode.o
    0x08005d0a   0x08005d0a   0x00000002   PAD
    0x08005d0c   0x08005d0c   0x00000068   Code   RO          728    i.pb_decode_varint  pb_decode.o
    0x08005d74   0x08005d74   0x00000006   Code   RO          729    i.pb_decode_varint32  pb_decode.o
    0x08005d7a   0x08005d7a   0x00000002   PAD
    0x08005d7c   0x08005d7c   0x000000a8   Code   RO          730    i.pb_decode_varint32_eof  pb_decode.o
    0x08005e24   0x08005e24   0x0000001c   Code   RO          641    i.pb_field_iter_begin  pb_common.o
    0x08005e40   0x08005e40   0x00000028   Code   RO          643    i.pb_field_iter_begin_extension  pb_common.o
    0x08005e68   0x08005e68   0x0000006a   Code   RO          645    i.pb_field_iter_find  pb_common.o
    0x08005ed2   0x08005ed2   0x00000046   Code   RO          646    i.pb_field_iter_find_extension  pb_common.o
    0x08005f18   0x08005f18   0x00000018   Code   RO          647    i.pb_field_iter_next  pb_common.o
    0x08005f30   0x08005f30   0x000000b8   Code   RO          731    i.pb_field_set_to_default  pb_decode.o
    0x08005fe8   0x08005fe8   0x00000014   Code   RO          732    i.pb_istream_from_buffer  pb_decode.o
    0x08005ffc   0x08005ffc   0x00000058   Code   RO          733    i.pb_make_string_substream  pb_decode.o
    0x08006054   0x08006054   0x00000092   Code   RO          734    i.pb_message_set_to_defaults  pb_decode.o
    0x080060e6   0x080060e6   0x00000002   PAD
    0x080060e8   0x080060e8   0x00000088   Code   RO          735    i.pb_read           pb_decode.o
    0x08006170   0x08006170   0x0000004c   Code   RO          736    i.pb_readbyte       pb_decode.o
    0x080061bc   0x080061bc   0x00000078   Code   RO          737    i.pb_skip_field     pb_decode.o
    0x08006234   0x08006234   0x00000098   Code   RO          738    i.read_raw_value    pb_decode.o
    0x080062cc   0x080062cc   0x00000150   Code   RO         5300    x$fpl$dadd          fz_wm.l(daddsub_clz.o)
    0x0800641c   0x0800641c   0x00000018   Code   RO         5334    x$fpl$dcmpinf       fz_wm.l(dcmpi.o)
    0x08006434   0x08006434   0x0000005e   Code   RO         5279    x$fpl$dfix          fz_wm.l(dfix.o)
    0x08006492   0x08006492   0x00000026   Code   RO         5283    x$fpl$dfltu         fz_wm.l(dflt_clz.o)
    0x080064b8   0x080064b8   0x00000078   Code   RO         5306    x$fpl$dleqf         fz_wm.l(dleqf.o)
    0x08006530   0x08006530   0x00000154   Code   RO         5289    x$fpl$dmul          fz_wm.l(dmul.o)
    0x08006684   0x08006684   0x0000009c   Code   RO         5308    x$fpl$dnaninf       fz_wm.l(dnaninf.o)
    0x08006720   0x08006720   0x0000000c   Code   RO         5310    x$fpl$dretinf       fz_wm.l(dretinf.o)
    0x0800672c   0x0800672c   0x0000006c   Code   RO         5312    x$fpl$drleqf        fz_wm.l(drleqf.o)
    0x08006798   0x08006798   0x000000b4   Code   RO         5314    x$fpl$drnd          fz_wm.l(drnd.o)
    0x0800684c   0x0800684c   0x000001d4   Code   RO         5302    x$fpl$dsub          fz_wm.l(daddsub_clz.o)
    0x08006a20   0x08006a20   0x0000000a   Code   RO         5421    x$fpl$fpinit        fz_wm.l(fpinit.o)
    0x08006a2a   0x08006a2a   0x00000000   Code   RO         5316    x$fpl$usenofp       fz_wm.l(usenofp.o)
    0x08006a2a   0x08006a2a   0x00000002   PAD
    0x08006a2c   0x08006a2c   0x00000040   Data   RO           21    .constdata          main.o
    0x08006a6c   0x08006a6c   0x00000024   Data   RO         1018    .constdata          warp_protocol.pb.o
    0x08006a90   0x08006a90   0x00000004   Data   RO         1019    .constdata          warp_protocol.pb.o
    0x08006a94   0x08006a94   0x00000018   Data   RO         1020    .constdata          warp_protocol.pb.o
    0x08006aac   0x08006aac   0x00000008   Data   RO         2499    .constdata          stm32f4xx_hal_dma.o
    0x08006ab4   0x08006ab4   0x00000010   Data   RO         4851    .constdata          system_stm32f4xx_1.o
    0x08006ac4   0x08006ac4   0x00000008   Data   RO         4852    .constdata          system_stm32f4xx_1.o
    0x08006acc   0x08006acc   0x00000020   Data   RO         5479    Region$$Table       anon$$obj.o


    Execution Region RW_IRAM1 (Exec base: 0x20000000, Load base: 0x08006aec, Size: 0x00001da8, Max: 0x00010000, ABSOLUTE, COMPRESSED[0x000000d0])

    Exec Addr    Load Addr    Size         Type   Attr      Idx    E Section Name        Object

    0x20000000   COMPRESSED   0x0000000c   Data   RW           22    .data               main.o
    0x2000000c   COMPRESSED   0x00000008   Data   RW          329    .data               crc.o
    0x20000014   COMPRESSED   0x0000001c   Data   RW         1095    .data               usbd_desc.o
    0x20000030   COMPRESSED   0x00000032   Data   RW         1096    .data               usbd_desc.o
    0x20000062   COMPRESSED   0x00000002   PAD
    0x20000064   COMPRESSED   0x00000014   Data   RW         1179    .data               usbd_cdc_if.o
    0x20000078   COMPRESSED   0x0000000c   Data   RW         2950    .data               stm32f4xx_hal.o
    0x20000084   COMPRESSED   0x00000004   Data   RW         4853    .data               system_stm32f4xx_1.o
    0x20000088   COMPRESSED   0x00000001   Data   RW         5034    .data               usbd_ctlreq.o
    0x20000089   COMPRESSED   0x00000003   PAD
    0x2000008c   COMPRESSED   0x000000d7   Data   RW         5173    .data               usbd_cdc.o
    0x20000163   COMPRESSED   0x00000001   PAD
    0x20000164   COMPRESSED   0x00000038   Data   RW         5174    .data               usbd_cdc.o
    0x2000019c        -       0x000000d3   Zero   RW           20    .bss                main.o
    0x2000026f   COMPRESSED   0x00000001   PAD
    0x20000270        -       0x000000a8   Zero   RW          287    .bss                adc.o
    0x20000318        -       0x00000120   Zero   RW          401    .bss                tim.o
    0x20000438        -       0x00000044   Zero   RW          473    .bss                usart.o
    0x2000047c        -       0x000002d0   Zero   RW         1039    .bss                usb_device.o
    0x2000074c        -       0x00000200   Zero   RW         1094    .bss                usbd_desc.o
    0x2000094c        -       0x000007d0   Zero   RW         1178    .bss                usbd_cdc_if.o
    0x2000111c        -       0x00000628   Zero   RW         1260    .bss                usbd_conf.o
    0x20001744        -       0x00000060   Zero   RW         5351    .bss                c_w.l(libspace.o)
    0x200017a4   COMPRESSED   0x00000004   PAD
    0x200017a8        -       0x00000200   Zero   RW            2    HEAP                startup_stm32f401xc.o
    0x200019a8        -       0x00000400   Zero   RW            1    STACK               startup_stm32f401xc.o


==============================================================================

Image component sizes


      Code (inc. data)   RO Data    RW Data    ZI Data      Debug   Object Name

       472         38          0          0        168       2027   adc.o
        76         18          0          8          0       1563   crc.o
        44          4          0          0          0        794   dma.o
       160         12          0          0          0        987   gpio.o
       810         76         64         12        211     477121   main.o
       656          0          0          0          0      28199   pb_common.o
      3802        650          0          0          0      49967   pb_decode.o
        64         26        404          0       1536        852   startup_stm32f401xc.o
       180         28          0         12          0       9345   stm32f4xx_hal.o
       712         28          0          0          0       2915   stm32f4xx_hal_adc.o
       198         14          0          0          0      33995   stm32f4xx_hal_cortex.o
        34          0          0          0          0       1067   stm32f4xx_hal_crc.o
       934         16          8          0          0       5679   stm32f4xx_hal_dma.o
       490         34          0          0          0       2196   stm32f4xx_hal_gpio.o
        48          6          0          0          0        874   stm32f4xx_hal_msp.o
      2308         14          0          0          0      12889   stm32f4xx_hal_pcd.o
        78          0          0          0          0       2441   stm32f4xx_hal_pcd_ex.o
      1360         82          0          0          0       5780   stm32f4xx_hal_rcc.o
      1562         70          0          0          0      14589   stm32f4xx_hal_tim.o
       208         20          0          0          0       2188   stm32f4xx_hal_tim_ex.o
      1370         16          0          0          0       9288   stm32f4xx_hal_uart.o
        56         18          0          0          0       5692   stm32f4xx_it.o
      2690        132          0          0          0      23378   stm32f4xx_ll_usb.o
        16          4         24          4          0       1151   system_stm32f4xx_1.o
      1136         78          0          0        288       5620   tim.o
       180         22          0          0         68       1758   usart.o
        84         18          0          0        720       2647   usb_device.o
       752         16          0        271          0      13115   usbd_cdc.o
        84         16          0         20       2000       3342   usbd_cdc_if.o
       638         24          0          0       1576      17036   usbd_conf.o
       744          0          0          0          0      12781   usbd_core.o
      1244         30          0          1          0      14420   usbd_ctlreq.o
       288        104          0         78        512       6273   usbd_desc.o
       132          0          0          0          0       4592   usbd_ioreq.o
         0          0         64          0          0       2452   warp_protocol.pb.o

    ----------------------------------------------------------------------
     23656       1614        596        412       7080     779013   Object Totals
         0          0         32          0          0          0   (incl. Generated)
        46          0          0          6          1          0   (incl. Padding)

    ----------------------------------------------------------------------

      Code (inc. data)   RO Data    RW Data    ZI Data      Debug   Library Member Name

        90          0          0          0          0          0   __dczerorl2.o
         8          0          0          0          0         68   __main.o
         0          0          0          0          0          0   __rtentry.o
        12          0          0          0          0          0   __rtentry2.o
         6          0          0          0          0          0   __rtentry4.o
        52          8          0          0          0          0   __scatter.o
        28          0          0          0          0          0   __scatter_zi.o
        18          0          0          0          0         80   exit.o
         6          0          0          0          0        152   heapauxi.o
         0          0          0          0          0          0   indicate_semi.o
         2          0          0          0          0          0   libinit.o
         6          0          0          0          0          0   libinit2.o
         2          0          0          0          0          0   libshutdown.o
         2          0          0          0          0          0   libshutdown2.o
         8          4          0          0         96         68   libspace.o
        38          0          0          0          0         68   llshl.o
       238          0          0          0          0        100   lludivv7m.o
        68          0          0          0          0         68   rt_memclr.o
        78          0          0          0          0         80   rt_memclr_w.o
       138          0          0          0          0         68   rt_memcpy_v6.o
       100          0          0          0          0         80   rt_memcpy_w.o
         2          0          0          0          0          0   rtexit.o
        10          0          0          0          0          0   rtexit2.o
        12          4          0          0          0         68   sys_exit.o
        74          0          0          0          0         80   sys_stackheap_outer.o
         2          0          0          0          0         68   use_no_semi.o
       804         16          0          0          0        368   daddsub_clz.o
        24          0          0          0          0        116   dcmpi.o
        94          4          0          0          0        140   dfix.o
        38          0          0          0          0        116   dflt_clz.o
       120          4          0          0          0        140   dleqf.o
       340         12          0          0          0        152   dmul.o
       156          4          0          0          0        140   dnaninf.o
        12          0          0          0          0        116   dretinf.o
       108          0          0          0          0        128   drleqf.o
       180          4          0          0          0        128   drnd.o
        10          0          0          0          0        116   fpinit.o
         0          0          0          0          0          0   usenofp.o
       224         30          0          0          0        172   round.o

    ----------------------------------------------------------------------
      3120         90          0          0        100       2880   Library Totals
        10          0          0          0          4          0   (incl. Padding)

    ----------------------------------------------------------------------

      Code (inc. data)   RO Data    RW Data    ZI Data      Debug   Library Name

      1000         16          0          0         96       1048   c_w.l
      1886         44          0          0          0       1660   fz_wm.l
       224         30          0          0          0        172   m_wm.l

    ----------------------------------------------------------------------
      3120         90          0          0        100       2880   Library Totals

    ----------------------------------------------------------------------

==============================================================================


      Code (inc. data)   RO Data    RW Data    ZI Data      Debug   

     26776       1704        596        412       7180     754825   Grand Totals
     26776       1704        596        208       7180     754825   ELF Image Totals (compressed)
     26776       1704        596        208          0          0   ROM Totals

==============================================================================

    Total RO  Size (Code + RO Data)                27372 (  26.73kB)
    Total RW  Size (RW Data + ZI Data)              7592 (   7.41kB)
    Total ROM Size (Code + RO Data + RW Data)      27580 (  26.93kB)

==============================================================================

